Archive member included to satisfy reference by file (symbol)

c:/st/stm32cubeide_1.5.1/stm32cubeide/plugins/com.st.stm32cube.ide.mcu.externaltools.gnu-tools-for-stm32.9-2020-q2-update.win32_1.5.0.202011040924/tools/bin/../lib/gcc/arm-none-eabi/9.3.1/../../../../arm-none-eabi/lib/thumb/v7e-m+fp/hard\libc_nano.a(lib_a-errno.o)
                              Core/Src/syscalls.o (__errno)
c:/st/stm32cubeide_1.5.1/stm32cubeide/plugins/com.st.stm32cube.ide.mcu.externaltools.gnu-tools-for-stm32.9-2020-q2-update.win32_1.5.0.202011040924/tools/bin/../lib/gcc/arm-none-eabi/9.3.1/../../../../arm-none-eabi/lib/thumb/v7e-m+fp/hard\libc_nano.a(lib_a-exit.o)
                              c:/st/stm32cubeide_1.5.1/stm32cubeide/plugins/com.st.stm32cube.ide.mcu.externaltools.gnu-tools-for-stm32.9-2020-q2-update.win32_1.5.0.202011040924/tools/bin/../lib/gcc/arm-none-eabi/9.3.1/../../../../arm-none-eabi/lib/thumb/v7e-m+fp/hard/crt0.o (exit)
c:/st/stm32cubeide_1.5.1/stm32cubeide/plugins/com.st.stm32cube.ide.mcu.externaltools.gnu-tools-for-stm32.9-2020-q2-update.win32_1.5.0.202011040924/tools/bin/../lib/gcc/arm-none-eabi/9.3.1/../../../../arm-none-eabi/lib/thumb/v7e-m+fp/hard\libc_nano.a(lib_a-impure.o)
                              c:/st/stm32cubeide_1.5.1/stm32cubeide/plugins/com.st.stm32cube.ide.mcu.externaltools.gnu-tools-for-stm32.9-2020-q2-update.win32_1.5.0.202011040924/tools/bin/../lib/gcc/arm-none-eabi/9.3.1/../../../../arm-none-eabi/lib/thumb/v7e-m+fp/hard\libc_nano.a(lib_a-exit.o) (_global_impure_ptr)
c:/st/stm32cubeide_1.5.1/stm32cubeide/plugins/com.st.stm32cube.ide.mcu.externaltools.gnu-tools-for-stm32.9-2020-q2-update.win32_1.5.0.202011040924/tools/bin/../lib/gcc/arm-none-eabi/9.3.1/../../../../arm-none-eabi/lib/thumb/v7e-m+fp/hard\libc_nano.a(lib_a-init.o)
                              c:/st/stm32cubeide_1.5.1/stm32cubeide/plugins/com.st.stm32cube.ide.mcu.externaltools.gnu-tools-for-stm32.9-2020-q2-update.win32_1.5.0.202011040924/tools/bin/../lib/gcc/arm-none-eabi/9.3.1/../../../../arm-none-eabi/lib/thumb/v7e-m+fp/hard/crt0.o (__libc_init_array)
c:/st/stm32cubeide_1.5.1/stm32cubeide/plugins/com.st.stm32cube.ide.mcu.externaltools.gnu-tools-for-stm32.9-2020-q2-update.win32_1.5.0.202011040924/tools/bin/../lib/gcc/arm-none-eabi/9.3.1/../../../../arm-none-eabi/lib/thumb/v7e-m+fp/hard\libc_nano.a(lib_a-memcpy-stub.o)
                              Middlewares/Third_Party/FreeRTOS/Source/queue.o (memcpy)
c:/st/stm32cubeide_1.5.1/stm32cubeide/plugins/com.st.stm32cube.ide.mcu.externaltools.gnu-tools-for-stm32.9-2020-q2-update.win32_1.5.0.202011040924/tools/bin/../lib/gcc/arm-none-eabi/9.3.1/../../../../arm-none-eabi/lib/thumb/v7e-m+fp/hard\libc_nano.a(lib_a-memset.o)
                              c:/st/stm32cubeide_1.5.1/stm32cubeide/plugins/com.st.stm32cube.ide.mcu.externaltools.gnu-tools-for-stm32.9-2020-q2-update.win32_1.5.0.202011040924/tools/bin/../lib/gcc/arm-none-eabi/9.3.1/../../../../arm-none-eabi/lib/thumb/v7e-m+fp/hard/crt0.o (memset)
c:/st/stm32cubeide_1.5.1/stm32cubeide/plugins/com.st.stm32cube.ide.mcu.externaltools.gnu-tools-for-stm32.9-2020-q2-update.win32_1.5.0.202011040924/tools/bin/../lib/gcc/arm-none-eabi/9.3.1/../../../../arm-none-eabi/lib/thumb/v7e-m+fp/hard\libc_nano.a(lib_a-strlen.o)
                              Core/Src/main.o (strlen)
c:/st/stm32cubeide_1.5.1/stm32cubeide/plugins/com.st.stm32cube.ide.mcu.externaltools.gnu-tools-for-stm32.9-2020-q2-update.win32_1.5.0.202011040924/tools/bin/../lib/gcc/arm-none-eabi/9.3.1/thumb/v7e-m+fp/hard\libgcc.a(_arm_muldf3.o)
                              Core/Src/main.o (__aeabi_dmul)
c:/st/stm32cubeide_1.5.1/stm32cubeide/plugins/com.st.stm32cube.ide.mcu.externaltools.gnu-tools-for-stm32.9-2020-q2-update.win32_1.5.0.202011040924/tools/bin/../lib/gcc/arm-none-eabi/9.3.1/thumb/v7e-m+fp/hard\libgcc.a(_arm_addsubdf3.o)
                              Core/Src/main.o (__aeabi_ui2d)
c:/st/stm32cubeide_1.5.1/stm32cubeide/plugins/com.st.stm32cube.ide.mcu.externaltools.gnu-tools-for-stm32.9-2020-q2-update.win32_1.5.0.202011040924/tools/bin/../lib/gcc/arm-none-eabi/9.3.1/thumb/v7e-m+fp/hard\libgcc.a(_arm_muldivdf3.o)
                              Core/Src/main.o (__aeabi_ddiv)
c:/st/stm32cubeide_1.5.1/stm32cubeide/plugins/com.st.stm32cube.ide.mcu.externaltools.gnu-tools-for-stm32.9-2020-q2-update.win32_1.5.0.202011040924/tools/bin/../lib/gcc/arm-none-eabi/9.3.1/thumb/v7e-m+fp/hard\libgcc.a(_arm_cmpdf2.o)
                              Core/Src/main.o (__aeabi_dcmpgt)
c:/st/stm32cubeide_1.5.1/stm32cubeide/plugins/com.st.stm32cube.ide.mcu.externaltools.gnu-tools-for-stm32.9-2020-q2-update.win32_1.5.0.202011040924/tools/bin/../lib/gcc/arm-none-eabi/9.3.1/thumb/v7e-m+fp/hard\libgcc.a(_arm_truncdfsf2.o)
                              Core/Src/main.o (__aeabi_d2f)
[...]
Memory Configuration

Name             Origin             Length             Attributes
CCMRAM           0x0000000010000000 0x0000000000010000 xrw
RAM              0x0000000020000000 0x0000000000020000 xrw
FLASH            0x0000000008000000 0x0000000000100000 xr
*default*        0x0000000000000000 0xffffffffffffffff

Linker script and memory map

LOAD c:/st/stm32cubeide_1.5.1/stm32cubeide/plugins/com.st.stm32cube.ide.mcu.externaltools.gnu-tools-for-stm32.9-2020-q2-update.win32_1.5.0.202011040924/tools/bin/../lib/gcc/arm-none-eabi/9.3.1/thumb/v7e-m+fp/hard/crti.o
LOAD c:/st/stm32cubeide_1.5.1/stm32cubeide/plugins/com.st.stm32cube.ide.mcu.externaltools.gnu-tools-for-stm32.9-2020-q2-update.win32_1.5.0.202011040924/tools/bin/../lib/gcc/arm-none-eabi/9.3.1/thumb/v7e-m+fp/hard/crtbegin.o
LOAD c:/st/stm32cubeide_1.5.1/stm32cubeide/plugins/com.st.stm32cube.ide.mcu.externaltools.gnu-tools-for-stm32.9-2020-q2-update.win32_1.5.0.202011040924/tools/bin/../lib/gcc/arm-none-eabi/9.3.1/../../../../arm-none-eabi/lib/thumb/v7e-m+fp/hard/crt0.o
LOAD Core/Src/freertos.o
LOAD Core/Src/main.o
LOAD Core/Src/stm32f4xx_hal_msp.o
LOAD Core/Src/stm32f4xx_it.o
LOAD Core/Src/syscalls.o
LOAD Core/Src/sysmem.o
LOAD Core/Src/system_stm32f4xx.o
LOAD Core/Startup/startup_stm32f407vgtx.o
LOAD Drivers/STM32F4xx_HAL_Driver/Src/stm32f4xx_hal.o
LOAD Drivers/STM32F4xx_HAL_Driver/Src/stm32f4xx_hal_adc.o
LOAD Drivers/STM32F4xx_HAL_Driver/Src/stm32f4xx_hal_adc_ex.o
LOAD Drivers/STM32F4xx_HAL_Driver/Src/stm32f4xx_hal_cortex.o
LOAD Drivers/STM32F4xx_HAL_Driver/Src/stm32f4xx_hal_dma.o
LOAD Drivers/STM32F4xx_HAL_Driver/Src/stm32f4xx_hal_dma_ex.o
LOAD Drivers/STM32F4xx_HAL_Driver/Src/stm32f4xx_hal_exti.o
LOAD Drivers/STM32F4xx_HAL_Driver/Src/stm32f4xx_hal_flash.o
LOAD Drivers/STM32F4xx_HAL_Driver/Src/stm32f4xx_hal_flash_ex.o
LOAD Drivers/STM32F4xx_HAL_Driver/Src/stm32f4xx_hal_flash_ramfunc.o
LOAD Drivers/STM32F4xx_HAL_Driver/Src/stm32f4xx_hal_gpio.o
LOAD Drivers/STM32F4xx_HAL_Driver/Src/stm32f4xx_hal_pwr.o
LOAD Drivers/STM32F4xx_HAL_Driver/Src/stm32f4xx_hal_pwr_ex.o
LOAD Drivers/STM32F4xx_HAL_Driver/Src/stm32f4xx_hal_rcc.o
LOAD Drivers/STM32F4xx_HAL_Driver/Src/stm32f4xx_hal_rcc_ex.o
LOAD Drivers/STM32F4xx_HAL_Driver/Src/stm32f4xx_hal_tim.o
LOAD Drivers/STM32F4xx_HAL_Driver/Src/stm32f4xx_hal_tim_ex.o
LOAD Drivers/STM32F4xx_HAL_Driver/Src/stm32f4xx_hal_uart.o
LOAD Drivers/STM32F4xx_HAL_Driver/Src/stm32f4xx_ll_adc.o
LOAD Middlewares/Third_Party/FreeRTOS/Source/CMSIS_RTOS/cmsis_os.o
LOAD Middlewares/Third_Party/FreeRTOS/Source/croutine.o
LOAD Middlewares/Third_Party/FreeRTOS/Source/event_groups.o
LOAD Middlewares/Third_Party/FreeRTOS/Source/list.o
LOAD Middlewares/Third_Party/FreeRTOS/Source/queue.o
LOAD Middlewares/Third_Party/FreeRTOS/Source/stream_buffer.o
LOAD Middlewares/Third_Party/FreeRTOS/Source/tasks.o
LOAD Middlewares/Third_Party/FreeRTOS/Source/timers.o
LOAD Middlewares/Third_Party/FreeRTOS/Source/portable/GCC/ARM_CM4F/port.o
LOAD Middlewares/Third_Party/FreeRTOS/Source/portable/MemMang/heap_4.o
START GROUP
LOAD c:/st/stm32cubeide_1.5.1/stm32cubeide/plugins/com.st.stm32cube.ide.mcu.externaltools.gnu-tools-for-stm32.9-2020-q2-update.win32_1.5.0.202011040924/tools/bin/../lib/gcc/arm-none-eabi/9.3.1/../../../../arm-none-eabi/lib/thumb/v7e-m+fp/hard\libc_nano.a
LOAD c:/st/stm32cubeide_1.5.1/stm32cubeide/plugins/com.st.stm32cube.ide.mcu.externaltools.gnu-tools-for-stm32.9-2020-q2-update.win32_1.5.0.202011040924/tools/bin/../lib/gcc/arm-none-eabi/9.3.1/../../../../arm-none-eabi/lib/thumb/v7e-m+fp/hard\libm.a
END GROUP
START GROUP
LOAD c:/st/stm32cubeide_1.5.1/stm32cubeide/plugins/com.st.stm32cube.ide.mcu.externaltools.gnu-tools-for-stm32.9-2020-q2-update.win32_1.5.0.202011040924/tools/bin/../lib/gcc/arm-none-eabi/9.3.1/thumb/v7e-m+fp/hard\libgcc.a
LOAD c:/st/stm32cubeide_1.5.1/stm32cubeide/plugins/com.st.stm32cube.ide.mcu.externaltools.gnu-tools-for-stm32.9-2020-q2-update.win32_1.5.0.202011040924/tools/bin/../lib/gcc/arm-none-eabi/9.3.1/../../../../arm-none-eabi/lib/thumb/v7e-m+fp/hard\libc_nano.a
END GROUP
START GROUP
LOAD c:/st/stm32cubeide_1.5.1/stm32cubeide/plugins/com.st.stm32cube.ide.mcu.externaltools.gnu-tools-for-stm32.9-2020-q2-update.win32_1.5.0.202011040924/tools/bin/../lib/gcc/arm-none-eabi/9.3.1/thumb/v7e-m+fp/hard\libgcc.a
LOAD c:/st/stm32cubeide_1.5.1/stm32cubeide/plugins/com.st.stm32cube.ide.mcu.externaltools.gnu-tools-for-stm32.9-2020-q2-update.win32_1.5.0.202011040924/tools/bin/../lib/gcc/arm-none-eabi/9.3.1/../../../../arm-none-eabi/lib/thumb/v7e-m+fp/hard\libc_nano.a
LOAD c:/st/stm32cubeide_1.5.1/stm32cubeide/plugins/com.st.stm32cube.ide.mcu.externaltools.gnu-tools-for-stm32.9-2020-q2-update.win32_1.5.0.202011040924/tools/bin/../lib/gcc/arm-none-eabi/9.3.1/../../../../arm-none-eabi/lib/thumb/v7e-m+fp/hard\libnosys.a
END GROUP
START GROUP
LOAD c:/st/stm32cubeide_1.5.1/stm32cubeide/plugins/com.st.stm32cube.ide.mcu.externaltools.gnu-tools-for-stm32.9-2020-q2-update.win32_1.5.0.202011040924/tools/bin/../lib/gcc/arm-none-eabi/9.3.1/thumb/v7e-m+fp/hard\libgcc.a
LOAD c:/st/stm32cubeide_1.5.1/stm32cubeide/plugins/com.st.stm32cube.ide.mcu.externaltools.gnu-tools-for-stm32.9-2020-q2-update.win32_1.5.0.202011040924/tools/bin/../lib/gcc/arm-none-eabi/9.3.1/../../../../arm-none-eabi/lib/thumb/v7e-m+fp/hard\libc_nano.a
LOAD c:/st/stm32cubeide_1.5.1/stm32cubeide/plugins/com.st.stm32cube.ide.mcu.externaltools.gnu-tools-for-stm32.9-2020-q2-update.win32_1.5.0.202011040924/tools/bin/../lib/gcc/arm-none-eabi/9.3.1/../../../../arm-none-eabi/lib/thumb/v7e-m+fp/hard\libnosys.a
END GROUP
LOAD c:/st/stm32cubeide_1.5.1/stm32cubeide/plugins/com.st.stm32cube.ide.mcu.externaltools.gnu-tools-for-stm32.9-2020-q2-update.win32_1.5.0.202011040924/tools/bin/../lib/gcc/arm-none-eabi/9.3.1/thumb/v7e-m+fp/hard/crtend.o
LOAD c:/st/stm32cubeide_1.5.1/stm32cubeide/plugins/com.st.stm32cube.ide.mcu.externaltools.gnu-tools-for-stm32.9-2020-q2-update.win32_1.5.0.202011040924/tools/bin/../lib/gcc/arm-none-eabi/9.3.1/thumb/v7e-m+fp/hard/crtn.o
                0x0000000020020000                _estack = (ORIGIN (RAM) + LENGTH (RAM))
                0x0000000000000200                _Min_Heap_Size = 0x200
                0x0000000000000400                _Min_Stack_Size = 0x400

.isr_vector     0x0000000008000000      0x188
                0x0000000008000000                . = ALIGN (0x4)
 *(.isr_vector)
 .isr_vector    0x0000000008000000      0x188 Core/Startup/startup_stm32f407vgtx.o
                0x0000000008000000                g_pfnVectors
                0x0000000008000188                . = ALIGN (0x4)

.text           0x0000000008000190     0x51ec
                0x0000000008000190                . = ALIGN (0x4)
 *(.text)
 .text          0x0000000008000190       0x40 c:/st/stm32cubeide_1.5.1/stm32cubeide/plugins/com.st.stm32cube.ide.mcu.externaltools.gnu-tools-for-stm32.9-2020-q2-update.win32_1.5.0.202011040924/tools/bin/../lib/gcc/arm-none-eabi/9.3.1/thumb/v7e-m+fp/hard/crtbegin.o
 .text          0x00000000080001d0       0x10 c:/st/stm32cubeide_1.5.1/stm32cubeide/plugins/com.st.stm32cube.ide.mcu.externaltools.gnu-tools-for-stm32.9-2020-q2-update.win32_1.5.0.202011040924/tools/bin/../lib/gcc/arm-none-eabi/9.3.1/../../../../arm-none-eabi/lib/thumb/v7e-m+fp/hard\libc_nano.a(lib_a-strlen.o)
                0x00000000080001d0                strlen
 .text          0x00000000080001e0      0x378 c:/st/stm32cubeide_1.5.1/stm32cubeide/plugins/com.st.stm32cube.ide.mcu.externaltools.gnu-tools-for-stm32.9-2020-q2-update.win32_1.5.0.202011040924/tools/bin/../lib/gcc/arm-none-eabi/9.3.1/thumb/v7e-m+fp/hard\libgcc.a(_arm_addsubdf3.o)
                0x00000000080001e0                __aeabi_drsub
                0x00000000080001e8                __aeabi_dsub
                0x00000000080001e8                __subdf3
                0x00000000080001ec                __aeabi_dadd
                0x00000000080001ec                __adddf3
                0x0000000008000464                __floatunsidf
                0x0000000008000464                __aeabi_ui2d
                0x0000000008000484                __floatsidf
                0x0000000008000484                __aeabi_i2d
                0x00000000080004a8                __aeabi_f2d
                0x00000000080004a8                __extendsfdf2
                0x00000000080004ec                __floatundidf
                0x00000000080004ec                __aeabi_ul2d
                0x00000000080004fc                __floatdidf
                0x00000000080004fc                __aeabi_l2d
 .text          0x0000000008000558      0x424 c:/st/stm32cubeide_1.5.1/stm32cubeide/plugins/com.st.stm32cube.ide.mcu.externaltools.gnu-tools-for-stm32.9-2020-q2-update.win32_1.5.0.202011040924/tools/bin/../lib/gcc/arm-none-eabi/9.3.1/thumb/v7e-m+fp/hard\libgcc.a(_arm_muldivdf3.o)
                0x0000000008000558                __aeabi_dmul
                0x0000000008000558                __muldf3
                0x00000000080007ac                __divdf3
                0x00000000080007ac                __aeabi_ddiv
 .text          0x000000000800097c      0x110 c:/st/stm32cubeide_1.5.1/stm32cubeide/plugins/com.st.stm32cube.ide.mcu.externaltools.gnu-tools-for-stm32.9-2020-q2-update.win32_1.5.0.202011040924/tools/bin/../lib/gcc/arm-none-eabi/9.3.1/thumb/v7e-m+fp/hard\libgcc.a(_arm_cmpdf2.o)
                0x000000000800097c                __gtdf2
                0x000000000800097c                __gedf2
                0x0000000008000984                __ltdf2
                0x0000000008000984                __ledf2
                0x000000000800098c                __nedf2
                0x000000000800098c                __eqdf2
                0x000000000800098c                __cmpdf2
                0x0000000008000a08                __aeabi_cdrcmple
                0x0000000008000a18                __aeabi_cdcmpeq
                0x0000000008000a18                __aeabi_cdcmple
                0x0000000008000a28                __aeabi_dcmpeq
                0x0000000008000a3c                __aeabi_dcmplt
                0x0000000008000a50                __aeabi_dcmple
                0x0000000008000a64                __aeabi_dcmpge
                0x0000000008000a78                __aeabi_dcmpgt
 .text          0x0000000008000a8c       0xa0 c:/st/stm32cubeide_1.5.1/stm32cubeide/plugins/com.st.stm32cube.ide.mcu.externaltools.gnu-tools-for-stm32.9-2020-q2-update.win32_1.5.0.202011040924/tools/bin/../lib/gcc/arm-none-eabi/9.3.1/thumb/v7e-m+fp/hard\libgcc.a(_arm_truncdfsf2.o)
                0x0000000008000a8c                __truncdfsf2
                0x0000000008000a8c                __aeabi_d2f
 .text          0x0000000008000b2c       0x30 c:/st/stm32cubeide_1.5.1/stm32cubeide/plugins/com.st.stm32cube.ide.mcu.externaltools.gnu-tools-for-stm32.9-2020-q2-update.win32_1.5.0.202011040924/tools/bin/../lib/gcc/arm-none-eabi/9.3.1/thumb/v7e-m+fp/hard\libgcc.a(_aeabi_uldivmod.o)
                0x0000000008000b2c                __aeabi_uldivmod
 .text          0x0000000008000b5c      0x2c4 c:/st/stm32cubeide_1.5.1/stm32cubeide/plugins/com.st.stm32cube.ide.mcu.externaltools.gnu-tools-for-stm32.9-2020-q2-update.win32_1.5.0.202011040924/tools/bin/../lib/gcc/arm-none-eabi/9.3.1/thumb/v7e-m+fp/hard\libgcc.a(_udivmoddi4.o)
                0x0000000008000b5c                __udivmoddi4
 .text          0x0000000008000e20        0x4 c:/st/stm32cubeide_1.5.1/stm32cubeide/plugins/com.st.stm32cube.ide.mcu.externaltools.gnu-tools-for-stm32.9-2020-q2-update.win32_1.5.0.202011040924/tools/bin/../lib/gcc/arm-none-eabi/9.3.1/thumb/v7e-m+fp/hard\libgcc.a(_dvmd_tls.o)
                0x0000000008000e20                __aeabi_idiv0
                0x0000000008000e20                __aeabi_ldiv0
 *(.text*)
 .text.vApplicationGetIdleTaskMemory
                0x0000000008000e24       0x34 Core/Src/freertos.o
                0x0000000008000e24                vApplicationGetIdleTaskMemory
 .text.main     0x0000000008000e58      0x11c Core/Src/main.o
                0x0000000008000e58                main
 .text.SystemClock_Config
                0x0000000008000f74       0xbc Core/Src/main.o
                0x0000000008000f74                SystemClock_Config
 .text.MX_ADC1_Init
                0x0000000008001030       0xa4 Core/Src/main.o
 .text.MX_USART3_UART_Init
                0x00000000080010d4       0x54 Core/Src/main.o
 .text.MX_DMA_Init
                0x0000000008001128       0x40 Core/Src/main.o
 .text.MX_GPIO_Init
                0x0000000008001168       0xdc Core/Src/main.o
 .text.start_task1
                0x0000000008001244      0x16c Core/Src/main.o
                0x0000000008001244                start_task1
 .text.start_task2
                0x00000000080013b0      0x1f4 Core/Src/main.o
                0x00000000080013b0                start_task2
 .text.Error_Handler
                0x00000000080015a4        0xa Core/Src/main.o
                0x00000000080015a4                Error_Handler
 *fill*         0x00000000080015ae        0x2 
 .text.HAL_MspInit
                0x00000000080015b0       0x58 Core/Src/stm32f4xx_hal_msp.o
                0x00000000080015b0                HAL_MspInit
 .text.HAL_ADC_MspInit
                0x0000000008001608       0xf0 Core/Src/stm32f4xx_hal_msp.o
                0x0000000008001608                HAL_ADC_MspInit
 .text.HAL_UART_MspInit
                0x00000000080016f8       0x90 Core/Src/stm32f4xx_hal_msp.o
                0x00000000080016f8                HAL_UART_MspInit
 .text.NMI_Handler
                0x0000000008001788        0x6 Core/Src/stm32f4xx_it.o
                0x0000000008001788                NMI_Handler
 .text.HardFault_Handler
                0x000000000800178e        0x6 Core/Src/stm32f4xx_it.o
                0x000000000800178e                HardFault_Handler
 .text.MemManage_Handler
                0x0000000008001794        0x6 Core/Src/stm32f4xx_it.o
                0x0000000008001794                MemManage_Handler
 .text.BusFault_Handler
                0x000000000800179a        0x6 Core/Src/stm32f4xx_it.o
                0x000000000800179a                BusFault_Handler
 .text.UsageFault_Handler
                0x00000000080017a0        0x6 Core/Src/stm32f4xx_it.o
                0x00000000080017a0                UsageFault_Handler
 .text.DebugMon_Handler
                0x00000000080017a6        0xe Core/Src/stm32f4xx_it.o
                0x00000000080017a6                DebugMon_Handler
 .text.SysTick_Handler
                0x00000000080017b4       0x1a Core/Src/stm32f4xx_it.o
                0x00000000080017b4                SysTick_Handler
 *fill*         0x00000000080017ce        0x2 
 .text.DMA2_Stream0_IRQHandler
                0x00000000080017d0       0x14 Core/Src/stm32f4xx_it.o
                0x00000000080017d0                DMA2_Stream0_IRQHandler
 .text.SystemInit
                0x00000000080017e4       0x24 Core/Src/system_stm32f4xx.o
                0x00000000080017e4                SystemInit
 .text.Reset_Handler
                0x0000000008001808       0x50 Core/Startup/startup_stm32f407vgtx.o
                0x0000000008001808                Reset_Handler
 .text.Default_Handler
                0x0000000008001858        0x2 Core/Startup/startup_stm32f407vgtx.o
                0x0000000008001858                RTC_Alarm_IRQHandler
                0x0000000008001858                HASH_RNG_IRQHandler
                0x0000000008001858                EXTI2_IRQHandler
                0x0000000008001858                TIM8_CC_IRQHandler
                0x0000000008001858                TIM1_CC_IRQHandler
                0x0000000008001858                DMA2_Stream5_IRQHandler
                0x0000000008001858                DMA1_Stream5_IRQHandler
                0x0000000008001858                PVD_IRQHandler
                0x0000000008001858                SDIO_IRQHandler
                0x0000000008001858                TAMP_STAMP_IRQHandler
                0x0000000008001858                CAN2_RX1_IRQHandler
                0x0000000008001858                EXTI3_IRQHandler
                0x0000000008001858                TIM8_TRG_COM_TIM14_IRQHandler
                0x0000000008001858                TIM1_UP_TIM10_IRQHandler
                0x0000000008001858                TIM8_UP_TIM13_IRQHandler
                0x0000000008001858                I2C3_ER_IRQHandler
                0x0000000008001858                EXTI0_IRQHandler
                0x0000000008001858                I2C2_EV_IRQHandler
                0x0000000008001858                DMA1_Stream2_IRQHandler
                0x0000000008001858                CAN1_RX0_IRQHandler
                0x0000000008001858                FPU_IRQHandler
                0x0000000008001858                OTG_HS_WKUP_IRQHandler
                0x0000000008001858                CAN2_SCE_IRQHandler
                0x0000000008001858                DMA2_Stream2_IRQHandler
                0x0000000008001858                SPI1_IRQHandler
                0x0000000008001858                TIM6_DAC_IRQHandler
                0x0000000008001858                TIM1_BRK_TIM9_IRQHandler
                0x0000000008001858                DCMI_IRQHandler
                0x0000000008001858                CAN2_RX0_IRQHandler
                0x0000000008001858                DMA2_Stream3_IRQHandler
                0x0000000008001858                USART6_IRQHandler
                0x0000000008001858                USART3_IRQHandler
                0x0000000008001858                CAN1_RX1_IRQHandler
                0x0000000008001858                UART5_IRQHandler
                0x0000000008001858                TIM4_IRQHandler
                0x0000000008001858                I2C1_EV_IRQHandler
                0x0000000008001858                DMA1_Stream6_IRQHandler
                0x0000000008001858                DMA1_Stream1_IRQHandler
                0x0000000008001858                UART4_IRQHandler
                0x0000000008001858                TIM3_IRQHandler
                0x0000000008001858                RCC_IRQHandler
                0x0000000008001858                TIM8_BRK_TIM12_IRQHandler
                0x0000000008001858                Default_Handler
                0x0000000008001858                EXTI15_10_IRQHandler
                0x0000000008001858                ADC_IRQHandler
                0x0000000008001858                DMA1_Stream7_IRQHandler
                0x0000000008001858                TIM7_IRQHandler
                0x0000000008001858                CAN2_TX_IRQHandler
                0x0000000008001858                TIM5_IRQHandler
                0x0000000008001858                DMA2_Stream7_IRQHandler
                0x0000000008001858                I2C3_EV_IRQHandler
                0x0000000008001858                EXTI9_5_IRQHandler
                0x0000000008001858                RTC_WKUP_IRQHandler
                0x0000000008001858                ETH_WKUP_IRQHandler
                0x0000000008001858                SPI2_IRQHandler
                0x0000000008001858                OTG_HS_EP1_IN_IRQHandler
                0x0000000008001858                DMA1_Stream0_IRQHandler
                0x0000000008001858                CAN1_TX_IRQHandler
                0x0000000008001858                EXTI4_IRQHandler
                0x0000000008001858                FSMC_IRQHandler
                0x0000000008001858                ETH_IRQHandler
                0x0000000008001858                OTG_HS_EP1_OUT_IRQHandler
                0x0000000008001858                WWDG_IRQHandler
                0x0000000008001858                TIM2_IRQHandler
                0x0000000008001858                OTG_FS_WKUP_IRQHandler
                0x0000000008001858                TIM1_TRG_COM_TIM11_IRQHandler
                0x0000000008001858                OTG_HS_IRQHandler
                0x0000000008001858                EXTI1_IRQHandler
                0x0000000008001858                USART2_IRQHandler
                0x0000000008001858                I2C2_ER_IRQHandler
                0x0000000008001858                DMA2_Stream1_IRQHandler
                0x0000000008001858                CAN1_SCE_IRQHandler
                0x0000000008001858                FLASH_IRQHandler
                0x0000000008001858                DMA2_Stream4_IRQHandler
                0x0000000008001858                USART1_IRQHandler
                0x0000000008001858                OTG_FS_IRQHandler
                0x0000000008001858                SPI3_IRQHandler
                0x0000000008001858                DMA1_Stream4_IRQHandler
                0x0000000008001858                I2C1_ER_IRQHandler
                0x0000000008001858                DMA2_Stream6_IRQHandler
                0x0000000008001858                DMA1_Stream3_IRQHandler
 *fill*         0x000000000800185a        0x2 
 .text.HAL_Init
                0x000000000800185c       0x44 Drivers/STM32F4xx_HAL_Driver/Src/stm32f4xx_hal.o
                0x000000000800185c                HAL_Init
 .text.HAL_InitTick
                0x00000000080018a0       0x60 Drivers/STM32F4xx_HAL_Driver/Src/stm32f4xx_hal.o
                0x00000000080018a0                HAL_InitTick
 .text.HAL_IncTick
                0x0000000008001900       0x28 Drivers/STM32F4xx_HAL_Driver/Src/stm32f4xx_hal.o
                0x0000000008001900                HAL_IncTick
 .text.HAL_GetTick
                0x0000000008001928       0x18 Drivers/STM32F4xx_HAL_Driver/Src/stm32f4xx_hal.o
                0x0000000008001928                HAL_GetTick
 .text.HAL_Delay
                0x0000000008001940       0x48 Drivers/STM32F4xx_HAL_Driver/Src/stm32f4xx_hal.o
                0x0000000008001940                HAL_Delay
 .text.HAL_ADC_Init
                0x0000000008001988       0x86 Drivers/STM32F4xx_HAL_Driver/Src/stm32f4xx_hal_adc.o
                0x0000000008001988                HAL_ADC_Init
 *fill*         0x0000000008001a0e        0x2 
 .text.HAL_ADC_Start_DMA
                0x0000000008001a10      0x220 Drivers/STM32F4xx_HAL_Driver/Src/stm32f4xx_hal_adc.o
                0x0000000008001a10                HAL_ADC_Start_DMA
 .text.HAL_ADC_ConvCpltCallback
                0x0000000008001c30       0x14 Drivers/STM32F4xx_HAL_Driver/Src/stm32f4xx_hal_adc.o
                0x0000000008001c30                HAL_ADC_ConvCpltCallback
 .text.HAL_ADC_ConvHalfCpltCallback
                0x0000000008001c44       0x14 Drivers/STM32F4xx_HAL_Driver/Src/stm32f4xx_hal_adc.o
                0x0000000008001c44                HAL_ADC_ConvHalfCpltCallback
 .text.HAL_ADC_ErrorCallback
                0x0000000008001c58       0x14 Drivers/STM32F4xx_HAL_Driver/Src/stm32f4xx_hal_adc.o
                0x0000000008001c58                HAL_ADC_ErrorCallback
 .text.HAL_ADC_ConfigChannel
                0x0000000008001c6c      0x244 Drivers/STM32F4xx_HAL_Driver/Src/stm32f4xx_hal_adc.o
                0x0000000008001c6c                HAL_ADC_ConfigChannel
 .text.ADC_Init
                0x0000000008001eb0      0x1f8 Drivers/STM32F4xx_HAL_Driver/Src/stm32f4xx_hal_adc.o
 .text.ADC_DMAConvCplt
                0x00000000080020a8       0xba Drivers/STM32F4xx_HAL_Driver/Src/stm32f4xx_hal_adc.o
 .text.ADC_DMAHalfConvCplt
                0x0000000008002162       0x1c Drivers/STM32F4xx_HAL_Driver/Src/stm32f4xx_hal_adc.o
 .text.ADC_DMAError
                0x000000000800217e       0x2e Drivers/STM32F4xx_HAL_Driver/Src/stm32f4xx_hal_adc.o
 .text.__NVIC_SetPriorityGrouping
                0x00000000080021ac       0x48 Drivers/STM32F4xx_HAL_Driver/Src/stm32f4xx_hal_cortex.o
 .text.__NVIC_GetPriorityGrouping
                0x00000000080021f4       0x1c Drivers/STM32F4xx_HAL_Driver/Src/stm32f4xx_hal_cortex.o
 .text.__NVIC_EnableIRQ
                0x0000000008002210       0x3c Drivers/STM32F4xx_HAL_Driver/Src/stm32f4xx_hal_cortex.o
 .text.__NVIC_SetPriority
                0x000000000800224c       0x54 Drivers/STM32F4xx_HAL_Driver/Src/stm32f4xx_hal_cortex.o
 .text.NVIC_EncodePriority
                0x00000000080022a0       0x66 Drivers/STM32F4xx_HAL_Driver/Src/stm32f4xx_hal_cortex.o
 *fill*         0x0000000008002306        0x2 
 .text.SysTick_Config
                0x0000000008002308       0x44 Drivers/STM32F4xx_HAL_Driver/Src/stm32f4xx_hal_cortex.o
 .text.HAL_NVIC_SetPriorityGrouping
                0x000000000800234c       0x16 Drivers/STM32F4xx_HAL_Driver/Src/stm32f4xx_hal_cortex.o
                0x000000000800234c                HAL_NVIC_SetPriorityGrouping
 .text.HAL_NVIC_SetPriority
                0x0000000008002362       0x38 Drivers/STM32F4xx_HAL_Driver/Src/stm32f4xx_hal_cortex.o
                0x0000000008002362                HAL_NVIC_SetPriority
 .text.HAL_NVIC_EnableIRQ
                0x000000000800239a       0x1c Drivers/STM32F4xx_HAL_Driver/Src/stm32f4xx_hal_cortex.o
                0x000000000800239a                HAL_NVIC_EnableIRQ
 .text.HAL_SYSTICK_Config
                0x00000000080023b6       0x18 Drivers/STM32F4xx_HAL_Driver/Src/stm32f4xx_hal_cortex.o
                0x00000000080023b6                HAL_SYSTICK_Config
 *fill*         0x00000000080023ce        0x2 
 .text.HAL_DMA_Init
                0x00000000080023d0      0x15c Drivers/STM32F4xx_HAL_Driver/Src/stm32f4xx_hal_dma.o
                0x00000000080023d0                HAL_DMA_Init
 .text.HAL_DMA_Start_IT
                0x000000000800252c       0xb0 Drivers/STM32F4xx_HAL_Driver/Src/stm32f4xx_hal_dma.o
                0x000000000800252c                HAL_DMA_Start_IT
 .text.HAL_DMA_IRQHandler
                0x00000000080025dc      0x314 Drivers/STM32F4xx_HAL_Driver/Src/stm32f4xx_hal_dma.o
                0x00000000080025dc                HAL_DMA_IRQHandler
 .text.DMA_SetConfig
                0x00000000080028f0       0x5c Drivers/STM32F4xx_HAL_Driver/Src/stm32f4xx_hal_dma.o
 .text.DMA_CalcBaseAndBitshift
                0x000000000800294c       0x6c Drivers/STM32F4xx_HAL_Driver/Src/stm32f4xx_hal_dma.o
 .text.DMA_CheckFifoParam
                0x00000000080029b8       0xf8 Drivers/STM32F4xx_HAL_Driver/Src/stm32f4xx_hal_dma.o
 .text.HAL_GPIO_Init
                0x0000000008002ab0      0x338 Drivers/STM32F4xx_HAL_Driver/Src/stm32f4xx_hal_gpio.o
                0x0000000008002ab0                HAL_GPIO_Init
 .text.HAL_GPIO_ReadPin
                0x0000000008002de8       0x30 Drivers/STM32F4xx_HAL_Driver/Src/stm32f4xx_hal_gpio.o
                0x0000000008002de8                HAL_GPIO_ReadPin
 .text.HAL_GPIO_WritePin
                0x0000000008002e18       0x32 Drivers/STM32F4xx_HAL_Driver/Src/stm32f4xx_hal_gpio.o
                0x0000000008002e18                HAL_GPIO_WritePin
 *fill*         0x0000000008002e4a        0x2 
 .text.HAL_RCC_OscConfig
                0x0000000008002e4c      0x4f0 Drivers/STM32F4xx_HAL_Driver/Src/stm32f4xx_hal_rcc.o
                0x0000000008002e4c                HAL_RCC_OscConfig
 .text.HAL_RCC_ClockConfig
                0x000000000800333c      0x1cc Drivers/STM32F4xx_HAL_Driver/Src/stm32f4xx_hal_rcc.o
                0x000000000800333c                HAL_RCC_ClockConfig
 .text.HAL_RCC_GetSysClockFreq
                0x0000000008003508      0x16c Drivers/STM32F4xx_HAL_Driver/Src/stm32f4xx_hal_rcc.o
                0x0000000008003508                HAL_RCC_GetSysClockFreq
 .text.HAL_RCC_GetHCLKFreq
                0x0000000008003674       0x18 Drivers/STM32F4xx_HAL_Driver/Src/stm32f4xx_hal_rcc.o
                0x0000000008003674                HAL_RCC_GetHCLKFreq
 .text.HAL_RCC_GetPCLK1Freq
                0x000000000800368c       0x28 Drivers/STM32F4xx_HAL_Driver/Src/stm32f4xx_hal_rcc.o
                0x000000000800368c                HAL_RCC_GetPCLK1Freq
 .text.HAL_RCC_GetPCLK2Freq
                0x00000000080036b4       0x28 Drivers/STM32F4xx_HAL_Driver/Src/stm32f4xx_hal_rcc.o
                0x00000000080036b4                HAL_RCC_GetPCLK2Freq
 .text.HAL_UART_Init
                0x00000000080036dc       0x9a Drivers/STM32F4xx_HAL_Driver/Src/stm32f4xx_hal_uart.o
                0x00000000080036dc                HAL_UART_Init
 .text.HAL_UART_Transmit
                0x0000000008003776      0x124 Drivers/STM32F4xx_HAL_Driver/Src/stm32f4xx_hal_uart.o
                0x0000000008003776                HAL_UART_Transmit
 .text.UART_WaitOnFlagUntilTimeout
                0x000000000800389a       0x94 Drivers/STM32F4xx_HAL_Driver/Src/stm32f4xx_hal_uart.o
 *fill*         0x000000000800392e        0x2 
 .text.UART_SetConfig
                0x0000000008003930      0x390 Drivers/STM32F4xx_HAL_Driver/Src/stm32f4xx_hal_uart.o
 .text.makeFreeRtosPriority
                0x0000000008003cc0       0x30 Middlewares/Third_Party/FreeRTOS/Source/CMSIS_RTOS/cmsis_os.o
 .text.osKernelStart
                0x0000000008003cf0        0xe Middlewares/Third_Party/FreeRTOS/Source/CMSIS_RTOS/cmsis_os.o
                0x0000000008003cf0                osKernelStart
 .text.osThreadCreate
                0x0000000008003cfe       0x98 Middlewares/Third_Party/FreeRTOS/Source/CMSIS_RTOS/cmsis_os.o
                0x0000000008003cfe                osThreadCreate
 .text.vListInitialise
                0x0000000008003d96       0x40 Middlewares/Third_Party/FreeRTOS/Source/list.o
                0x0000000008003d96                vListInitialise
 .text.vListInitialiseItem
                0x0000000008003dd6       0x1a Middlewares/Third_Party/FreeRTOS/Source/list.o
                0x0000000008003dd6                vListInitialiseItem
 .text.vListInsertEnd
                0x0000000008003df0       0x48 Middlewares/Third_Party/FreeRTOS/Source/list.o
                0x0000000008003df0                vListInsertEnd
 .text.vListInsert
                0x0000000008003e38       0x72 Middlewares/Third_Party/FreeRTOS/Source/list.o
                0x0000000008003e38                vListInsert
 .text.uxListRemove
                0x0000000008003eaa       0x54 Middlewares/Third_Party/FreeRTOS/Source/list.o
                0x0000000008003eaa                uxListRemove
 .text.xTaskCreateStatic
                0x0000000008003efe       0xba Middlewares/Third_Party/FreeRTOS/Source/tasks.o
                0x0000000008003efe                xTaskCreateStatic
 .text.xTaskCreate
                0x0000000008003fb8       0x8a Middlewares/Third_Party/FreeRTOS/Source/tasks.o
                0x0000000008003fb8                xTaskCreate
 .text.prvInitialiseNewTask
                0x0000000008004042      0x10e Middlewares/Third_Party/FreeRTOS/Source/tasks.o
 .text.prvAddNewTaskToReadyList
                0x0000000008004150       0xb8 Middlewares/Third_Party/FreeRTOS/Source/tasks.o
 .text.vTaskDelay
                0x0000000008004208       0x68 Middlewares/Third_Party/FreeRTOS/Source/tasks.o
                0x0000000008004208                vTaskDelay
 .text.vTaskSuspend
                0x0000000008004270      0x124 Middlewares/Third_Party/FreeRTOS/Source/tasks.o
                0x0000000008004270                vTaskSuspend
 .text.prvTaskIsTaskSuspended
                0x0000000008004394       0x64 Middlewares/Third_Party/FreeRTOS/Source/tasks.o
 .text.vTaskResume
                0x00000000080043f8       0x9c Middlewares/Third_Party/FreeRTOS/Source/tasks.o
                0x00000000080043f8                vTaskResume
 .text.vTaskStartScheduler
                0x0000000008004494       0xc0 Middlewares/Third_Party/FreeRTOS/Source/tasks.o
                0x0000000008004494                vTaskStartScheduler
 .text.vTaskSuspendAll
                0x0000000008004554       0x1c Middlewares/Third_Party/FreeRTOS/Source/tasks.o
                0x0000000008004554                vTaskSuspendAll
 .text.xTaskResumeAll
                0x0000000008004570      0x11c Middlewares/Third_Party/FreeRTOS/Source/tasks.o
                0x0000000008004570                xTaskResumeAll
 .text.xTaskIncrementTick
                0x000000000800468c      0x12c Middlewares/Third_Party/FreeRTOS/Source/tasks.o
                0x000000000800468c                xTaskIncrementTick
 .text.vTaskSwitchContext
                0x00000000080047b8       0xb8 Middlewares/Third_Party/FreeRTOS/Source/tasks.o
                0x00000000080047b8                vTaskSwitchContext
 .text.prvIdleTask
                0x0000000008004870       0x24 Middlewares/Third_Party/FreeRTOS/Source/tasks.o
 .text.prvInitialiseTaskLists
                0x0000000008004894       0x80 Middlewares/Third_Party/FreeRTOS/Source/tasks.o
 .text.prvCheckTasksWaitingTermination
                0x0000000008004914       0x5c Middlewares/Third_Party/FreeRTOS/Source/tasks.o
 .text.prvDeleteTCB
                0x0000000008004970       0x5e Middlewares/Third_Party/FreeRTOS/Source/tasks.o
 *fill*         0x00000000080049ce        0x2 
 .text.prvResetNextTaskUnblockTime
                0x00000000080049d0       0x40 Middlewares/Third_Party/FreeRTOS/Source/tasks.o
 .text.xTaskGetSchedulerState
                0x0000000008004a10       0x3c Middlewares/Third_Party/FreeRTOS/Source/tasks.o
                0x0000000008004a10                xTaskGetSchedulerState
 .text.prvAddCurrentTaskToDelayedList
                0x0000000008004a4c       0xcc Middlewares/Third_Party/FreeRTOS/Source/tasks.o
 .text.pxPortInitialiseStack
                0x0000000008004b18       0x68 Middlewares/Third_Party/FreeRTOS/Source/portable/GCC/ARM_CM4F/port.o
                0x0000000008004b18                pxPortInitialiseStack
 .text.prvTaskExitError
                0x0000000008004b80       0x58 Middlewares/Third_Party/FreeRTOS/Source/portable/GCC/ARM_CM4F/port.o
 *fill*         0x0000000008004bd8        0x8 
 .text.SVC_Handler
                0x0000000008004be0       0x28 Middlewares/Third_Party/FreeRTOS/Source/portable/GCC/ARM_CM4F/port.o
                0x0000000008004be0                SVC_Handler
 .text.prvPortStartFirstTask
                0x0000000008004c08       0x28 Middlewares/Third_Party/FreeRTOS/Source/portable/GCC/ARM_CM4F/port.o
 .text.xPortStartScheduler
                0x0000000008004c30      0x144 Middlewares/Third_Party/FreeRTOS/Source/portable/GCC/ARM_CM4F/port.o
                0x0000000008004c30                xPortStartScheduler
 .text.vPortEnterCritical
                0x0000000008004d74       0x60 Middlewares/Third_Party/FreeRTOS/Source/portable/GCC/ARM_CM4F/port.o
                0x0000000008004d74                vPortEnterCritical
 .text.vPortExitCritical
                0x0000000008004dd4       0x54 Middlewares/Third_Party/FreeRTOS/Source/portable/GCC/ARM_CM4F/port.o
                0x0000000008004dd4                vPortExitCritical
 *fill*         0x0000000008004e28        0x8 
 .text.PendSV_Handler
                0x0000000008004e30       0x68 Middlewares/Third_Party/FreeRTOS/Source/portable/GCC/ARM_CM4F/port.o
                0x0000000008004e30                PendSV_Handler
 .text.xPortSysTickHandler
                0x0000000008004e98       0x44 Middlewares/Third_Party/FreeRTOS/Source/portable/GCC/ARM_CM4F/port.o
                0x0000000008004e98                xPortSysTickHandler
 .text.vPortSetupTimerInterrupt
                0x0000000008004edc       0x48 Middlewares/Third_Party/FreeRTOS/Source/portable/GCC/ARM_CM4F/port.o
                0x0000000008004edc                vPortSetupTimerInterrupt
 .text.vPortEnableVFP
                0x0000000008004f24       0x14 Middlewares/Third_Party/FreeRTOS/Source/portable/GCC/ARM_CM4F/port.o
 .text.pvPortMalloc
                0x0000000008004f38      0x198 Middlewares/Third_Party/FreeRTOS/Source/portable/MemMang/heap_4.o
                0x0000000008004f38                pvPortMalloc
 .text.vPortFree
                0x00000000080050d0       0xc4 Middlewares/Third_Party/FreeRTOS/Source/portable/MemMang/heap_4.o
                0x00000000080050d0                vPortFree
 .text.prvHeapInit
                0x0000000008005194       0xc4 Middlewares/Third_Party/FreeRTOS/Source/portable/MemMang/heap_4.o
 .text.prvInsertBlockIntoFreeList
                0x0000000008005258       0xb4 Middlewares/Third_Party/FreeRTOS/Source/portable/MemMang/heap_4.o
 .text.__libc_init_array
                0x000000000800530c       0x48 c:/st/stm32cubeide_1.5.1/stm32cubeide/plugins/com.st.stm32cube.ide.mcu.externaltools.gnu-tools-for-stm32.9-2020-q2-update.win32_1.5.0.202011040924/tools/bin/../lib/gcc/arm-none-eabi/9.3.1/../../../../arm-none-eabi/lib/thumb/v7e-m+fp/hard\libc_nano.a(lib_a-init.o)
                0x000000000800530c                __libc_init_array
 .text.memset   0x0000000008005354       0x10 c:/st/stm32cubeide_1.5.1/stm32cubeide/plugins/com.st.stm32cube.ide.mcu.externaltools.gnu-tools-for-stm32.9-2020-q2-update.win32_1.5.0.202011040924/tools/bin/../lib/gcc/arm-none-eabi/9.3.1/../../../../arm-none-eabi/lib/thumb/v7e-m+fp/hard\libc_nano.a(lib_a-memset.o)
                0x0000000008005354                memset
 *(.glue_7)
 .glue_7        0x0000000008005364        0x0 linker stubs
 *(.glue_7t)
 .glue_7t       0x0000000008005364        0x0 linker stubs
 *(.eh_frame)
 .eh_frame      0x0000000008005364        0x0 c:/st/stm32cubeide_1.5.1/stm32cubeide/plugins/com.st.stm32cube.ide.mcu.externaltools.gnu-tools-for-stm32.9-2020-q2-update.win32_1.5.0.202011040924/tools/bin/../lib/gcc/arm-none-eabi/9.3.1/thumb/v7e-m+fp/hard/crtbegin.o
 *(.init)
 .init          0x0000000008005364        0x4 c:/st/stm32cubeide_1.5.1/stm32cubeide/plugins/com.st.stm32cube.ide.mcu.externaltools.gnu-tools-for-stm32.9-2020-q2-update.win32_1.5.0.202011040924/tools/bin/../lib/gcc/arm-none-eabi/9.3.1/thumb/v7e-m+fp/hard/crti.o
                0x0000000008005364                _init
 .init          0x0000000008005368        0x8 c:/st/stm32cubeide_1.5.1/stm32cubeide/plugins/com.st.stm32cube.ide.mcu.externaltools.gnu-tools-for-stm32.9-2020-q2-update.win32_1.5.0.202011040924/tools/bin/../lib/gcc/arm-none-eabi/9.3.1/thumb/v7e-m+fp/hard/crtn.o
 *(.fini)
 .fini          0x0000000008005370        0x4 c:/st/stm32cubeide_1.5.1/stm32cubeide/plugins/com.st.stm32cube.ide.mcu.externaltools.gnu-tools-for-stm32.9-2020-q2-update.win32_1.5.0.202011040924/tools/bin/../lib/gcc/arm-none-eabi/9.3.1/thumb/v7e-m+fp/hard/crti.o
                0x0000000008005370                _fini
 .fini          0x0000000008005374        0x8 c:/st/stm32cubeide_1.5.1/stm32cubeide/plugins/com.st.stm32cube.ide.mcu.externaltools.gnu-tools-for-stm32.9-2020-q2-update.win32_1.5.0.202011040924/tools/bin/../lib/gcc/arm-none-eabi/9.3.1/thumb/v7e-m+fp/hard/crtn.o
                0x000000000800537c                . = ALIGN (0x4)
                0x000000000800537c                _etext = .

.vfp11_veneer   0x000000000800537c        0x0
 .vfp11_veneer  0x000000000800537c        0x0 linker stubs

.v4_bx          0x000000000800537c        0x0
 .v4_bx         0x000000000800537c        0x0 linker stubs

.iplt           0x000000000800537c        0x0
 .iplt          0x000000000800537c        0x0 c:/st/stm32cubeide_1.5.1/stm32cubeide/plugins/com.st.stm32cube.ide.mcu.externaltools.gnu-tools-for-stm32.9-2020-q2-update.win32_1.5.0.202011040924/tools/bin/../lib/gcc/arm-none-eabi/9.3.1/thumb/v7e-m+fp/hard/crtbegin.o

.rodata         0x000000000800537c       0xd4
                0x000000000800537c                . = ALIGN (0x4)
 *(.rodata)
 .rodata        0x000000000800537c       0xab Core/Src/main.o
 *fill*         0x0000000008005427        0x1 
 .rodata        0x0000000008005428        0x5 Middlewares/Third_Party/FreeRTOS/Source/tasks.o
 *(.rodata*)
 *fill*         0x000000000800542d        0x3 
 .rodata.AHBPrescTable
                0x0000000008005430       0x10 Core/Src/system_stm32f4xx.o
                0x0000000008005430                AHBPrescTable
 .rodata.APBPrescTable
                0x0000000008005440        0x8 Core/Src/system_stm32f4xx.o
                0x0000000008005440                APBPrescTable
 .rodata.flagBitshiftOffset.8295
                0x0000000008005448        0x8 Drivers/STM32F4xx_HAL_Driver/Src/stm32f4xx_hal_dma.o
                0x0000000008005450                . = ALIGN (0x4)

.ARM.extab      0x0000000008005450        0x0
                0x0000000008005450                . = ALIGN (0x4)
 *(.ARM.extab* .gnu.linkonce.armextab.*)
                0x0000000008005450                . = ALIGN (0x4)

.ARM            0x0000000008005450        0x8
                0x0000000008005450                . = ALIGN (0x4)
                0x0000000008005450                __exidx_start = .
 *(.ARM.exidx*)
 .ARM.exidx     0x0000000008005450        0x8 c:/st/stm32cubeide_1.5.1/stm32cubeide/plugins/com.st.stm32cube.ide.mcu.externaltools.gnu-tools-for-stm32.9-2020-q2-update.win32_1.5.0.202011040924/tools/bin/../lib/gcc/arm-none-eabi/9.3.1/thumb/v7e-m+fp/hard\libgcc.a(_udivmoddi4.o)
                0x0000000008005458                __exidx_end = .
                0x0000000008005458                . = ALIGN (0x4)

.rel.dyn        0x0000000008005458        0x0
 .rel.iplt      0x0000000008005458        0x0 c:/st/stm32cubeide_1.5.1/stm32cubeide/plugins/com.st.stm32cube.ide.mcu.externaltools.gnu-tools-for-stm32.9-2020-q2-update.win32_1.5.0.202011040924/tools/bin/../lib/gcc/arm-none-eabi/9.3.1/thumb/v7e-m+fp/hard/crtbegin.o

.preinit_array  0x0000000008005458        0x0
                0x0000000008005458                . = ALIGN (0x4)
                0x0000000008005458                PROVIDE (__preinit_array_start = .)
 *(.preinit_array*)
                0x0000000008005458                PROVIDE (__preinit_array_end = .)
                0x0000000008005458                . = ALIGN (0x4)

.init_array     0x0000000008005458        0x4
                0x0000000008005458                . = ALIGN (0x4)
                0x0000000008005458                PROVIDE (__init_array_start = .)
 *(SORT_BY_NAME(.init_array.*))
 *(.init_array*)
 .init_array    0x0000000008005458        0x4 c:/st/stm32cubeide_1.5.1/stm32cubeide/plugins/com.st.stm32cube.ide.mcu.externaltools.gnu-tools-for-stm32.9-2020-q2-update.win32_1.5.0.202011040924/tools/bin/../lib/gcc/arm-none-eabi/9.3.1/thumb/v7e-m+fp/hard/crtbegin.o
                0x000000000800545c                PROVIDE (__init_array_end = .)
                0x000000000800545c                . = ALIGN (0x4)

.fini_array     0x000000000800545c        0x4
                0x000000000800545c                . = ALIGN (0x4)
                [!provide]                        PROVIDE (__fini_array_start = .)
 *(SORT_BY_NAME(.fini_array.*))
 *(.fini_array*)
 .fini_array    0x000000000800545c        0x4 c:/st/stm32cubeide_1.5.1/stm32cubeide/plugins/com.st.stm32cube.ide.mcu.externaltools.gnu-tools-for-stm32.9-2020-q2-update.win32_1.5.0.202011040924/tools/bin/../lib/gcc/arm-none-eabi/9.3.1/thumb/v7e-m+fp/hard/crtbegin.o
                [!provide]                        PROVIDE (__fini_array_end = .)
                0x0000000008005460                . = ALIGN (0x4)
                0x0000000008005460                _sidata = LOADADDR (.data)

.data           0x0000000020000000       0x34 load address 0x0000000008005460
                0x0000000020000000                . = ALIGN (0x4)
                0x0000000020000000                _sdata = .
 *(.data)
 *(.data*)
 .data.data9.9073
                0x0000000020000000       0x11 Core/Src/main.o
 .data.data6.9068
                0x0000000020000011        0x1 Core/Src/main.o
 *fill*         0x0000000020000012        0x2 
 .data.data.9084
                0x0000000020000014        0xe Core/Src/main.o
 .data.data6.9079
                0x0000000020000022        0x1 Core/Src/main.o
 *fill*         0x0000000020000023        0x1 
 .data.SystemCoreClock
                0x0000000020000024        0x4 Core/Src/system_stm32f4xx.o
                0x0000000020000024                SystemCoreClock
 .data.uwTickPrio
                0x0000000020000028        0x4 Drivers/STM32F4xx_HAL_Driver/Src/stm32f4xx_hal.o
                0x0000000020000028                uwTickPrio
 .data.uwTickFreq
                0x000000002000002c        0x1 Drivers/STM32F4xx_HAL_Driver/Src/stm32f4xx_hal.o
                0x000000002000002c                uwTickFreq
 *fill*         0x000000002000002d        0x3 
 .data.uxCriticalNesting
                0x0000000020000030        0x4 Middlewares/Third_Party/FreeRTOS/Source/portable/GCC/ARM_CM4F/port.o
 *(.RamFunc)
 *(.RamFunc*)
                0x0000000020000034                . = ALIGN (0x4)
                0x0000000020000034                _edata = .

.igot.plt       0x0000000020000034        0x0 load address 0x0000000008005494
 .igot.plt      0x0000000020000034        0x0 c:/st/stm32cubeide_1.5.1/stm32cubeide/plugins/com.st.stm32cube.ide.mcu.externaltools.gnu-tools-for-stm32.9-2020-q2-update.win32_1.5.0.202011040924/tools/bin/../lib/gcc/arm-none-eabi/9.3.1/thumb/v7e-m+fp/hard/crtbegin.o
                0x0000000020000034                . = ALIGN (0x4)

.bss            0x0000000020000034     0x40c4 load address 0x0000000008005494
                0x0000000020000034                _sbss = .
                0x0000000020000034                __bss_start__ = _sbss
 *(.bss)
 .bss           0x0000000020000034       0x1c c:/st/stm32cubeide_1.5.1/stm32cubeide/plugins/com.st.stm32cube.ide.mcu.externaltools.gnu-tools-for-stm32.9-2020-q2-update.win32_1.5.0.202011040924/tools/bin/../lib/gcc/arm-none-eabi/9.3.1/thumb/v7e-m+fp/hard/crtbegin.o
 *(.bss*)
 .bss.xIdleTaskTCBBuffer
                0x0000000020000050       0x54 Core/Src/freertos.o
 .bss.xIdleStack
                0x00000000200000a4      0x200 Core/Src/freertos.o
 .bss.pxCurrentTCB
                0x00000000200002a4        0x4 Middlewares/Third_Party/FreeRTOS/Source/tasks.o
                0x00000000200002a4                pxCurrentTCB
 .bss.pxReadyTasksLists
                0x00000000200002a8       0x8c Middlewares/Third_Party/FreeRTOS/Source/tasks.o
 .bss.xDelayedTaskList1
                0x0000000020000334       0x14 Middlewares/Third_Party/FreeRTOS/Source/tasks.o
 .bss.xDelayedTaskList2
                0x0000000020000348       0x14 Middlewares/Third_Party/FreeRTOS/Source/tasks.o
 .bss.pxDelayedTaskList
                0x000000002000035c        0x4 Middlewares/Third_Party/FreeRTOS/Source/tasks.o
 .bss.pxOverflowDelayedTaskList
                0x0000000020000360        0x4 Middlewares/Third_Party/FreeRTOS/Source/tasks.o
 .bss.xPendingReadyList
                0x0000000020000364       0x14 Middlewares/Third_Party/FreeRTOS/Source/tasks.o
 .bss.xTasksWaitingTermination
                0x0000000020000378       0x14 Middlewares/Third_Party/FreeRTOS/Source/tasks.o
 .bss.uxDeletedTasksWaitingCleanUp
                0x000000002000038c        0x4 Middlewares/Third_Party/FreeRTOS/Source/tasks.o
 .bss.xSuspendedTaskList
                0x0000000020000390       0x14 Middlewares/Third_Party/FreeRTOS/Source/tasks.o
 .bss.uxCurrentNumberOfTasks
                0x00000000200003a4        0x4 Middlewares/Third_Party/FreeRTOS/Source/tasks.o
 .bss.xTickCount
                0x00000000200003a8        0x4 Middlewares/Third_Party/FreeRTOS/Source/tasks.o
 .bss.uxTopReadyPriority
                0x00000000200003ac        0x4 Middlewares/Third_Party/FreeRTOS/Source/tasks.o
 .bss.xSchedulerRunning
                0x00000000200003b0        0x4 Middlewares/Third_Party/FreeRTOS/Source/tasks.o
 .bss.xPendedTicks
                0x00000000200003b4        0x4 Middlewares/Third_Party/FreeRTOS/Source/tasks.o
 .bss.xYieldPending
                0x00000000200003b8        0x4 Middlewares/Third_Party/FreeRTOS/Source/tasks.o
 .bss.xNumOfOverflows
                0x00000000200003bc        0x4 Middlewares/Third_Party/FreeRTOS/Source/tasks.o
 .bss.uxTaskNumber
                0x00000000200003c0        0x4 Middlewares/Third_Party/FreeRTOS/Source/tasks.o
 .bss.xNextTaskUnblockTime
                0x00000000200003c4        0x4 Middlewares/Third_Party/FreeRTOS/Source/tasks.o
 .bss.xIdleTaskHandle
                0x00000000200003c8        0x4 Middlewares/Third_Party/FreeRTOS/Source/tasks.o
 .bss.uxSchedulerSuspended
                0x00000000200003cc        0x4 Middlewares/Third_Party/FreeRTOS/Source/tasks.o
 .bss.ucMaxSysCallPriority
                0x00000000200003d0        0x1 Middlewares/Third_Party/FreeRTOS/Source/portable/GCC/ARM_CM4F/port.o
 *fill*         0x00000000200003d1        0x3 
 .bss.ulMaxPRIGROUPValue
                0x00000000200003d4        0x4 Middlewares/Third_Party/FreeRTOS/Source/portable/GCC/ARM_CM4F/port.o
 .bss.ucHeap    0x00000000200003d8     0x3c00 Middlewares/Third_Party/FreeRTOS/Source/portable/MemMang/heap_4.o
 .bss.xStart    0x0000000020003fd8        0x8 Middlewares/Third_Party/FreeRTOS/Source/portable/MemMang/heap_4.o
 .bss.pxEnd     0x0000000020003fe0        0x4 Middlewares/Third_Party/FreeRTOS/Source/portable/MemMang/heap_4.o
 .bss.xFreeBytesRemaining
                0x0000000020003fe4        0x4 Middlewares/Third_Party/FreeRTOS/Source/portable/MemMang/heap_4.o
 .bss.xMinimumEverFreeBytesRemaining
                0x0000000020003fe8        0x4 Middlewares/Third_Party/FreeRTOS/Source/portable/MemMang/heap_4.o
 .bss.xNumberOfSuccessfulAllocations
                0x0000000020003fec        0x4 Middlewares/Third_Party/FreeRTOS/Source/portable/MemMang/heap_4.o
 .bss.xNumberOfSuccessfulFrees
                0x0000000020003ff0        0x4 Middlewares/Third_Party/FreeRTOS/Source/portable/MemMang/heap_4.o
 .bss.xBlockAllocatedBit
                0x0000000020003ff4        0x4 Middlewares/Third_Party/FreeRTOS/Source/portable/MemMang/heap_4.o
 *(COMMON)
 COMMON         0x0000000020003ff8       0xfc Core/Src/main.o
                0x0000000020003ff8                huart3
                0x000000002000403c                task1Handle
                0x0000000020004040                adc_value
                0x0000000020004044                hadc1
                0x000000002000408c                hdma_adc1
                0x00000000200040ec                volt
                0x00000000200040f0                task2Handle
 COMMON         0x00000000200040f4        0x4 Drivers/STM32F4xx_HAL_Driver/Src/stm32f4xx_hal.o
                0x00000000200040f4                uwTick
                0x00000000200040f8                . = ALIGN (0x4)
                0x00000000200040f8                _ebss = .
                0x00000000200040f8                __bss_end__ = _ebss

._user_heap_stack
                0x00000000200040f8      0x600 load address 0x0000000008005494
                0x00000000200040f8                . = ALIGN (0x8)
                [!provide]                        PROVIDE (end = .)
                0x00000000200040f8                PROVIDE (_end = .)
                0x00000000200042f8                . = (. + _Min_Heap_Size)
 *fill*         0x00000000200040f8      0x200 
                0x00000000200046f8                . = (. + _Min_Stack_Size)
 *fill*         0x00000000200042f8      0x400 
                0x00000000200046f8                . = ALIGN (0x8)

/DISCARD/
 libc.a(*)
 libm.a(*)
 libgcc.a(*)

.ARM.attributes
                0x0000000000000000       0x30
 *(.ARM.attributes)
 .ARM.attributes
                0x0000000000000000       0x1e c:/st/stm32cubeide_1.5.1/stm32cubeide/plugins/com.st.stm32cube.ide.mcu.externaltools.gnu-tools-for-stm32.9-2020-q2-update.win32_1.5.0.202011040924/tools/bin/../lib/gcc/arm-none-eabi/9.3.1/thumb/v7e-m+fp/hard/crti.o
 .ARM.attributes
                0x000000000000001e       0x34 c:/st/stm32cubeide_1.5.1/stm32cubeide/plugins/com.st.stm32cube.ide.mcu.externaltools.gnu-tools-for-stm32.9-2020-q2-update.win32_1.5.0.202011040924/tools/bin/../lib/gcc/arm-none-eabi/9.3.1/thumb/v7e-m+fp/hard/crtbegin.o
 .ARM.attributes
                0x0000000000000052       0x34 Core/Src/freertos.o
 .ARM.attributes
                0x0000000000000086       0x34 Core/Src/main.o
 .ARM.attributes
                0x00000000000000ba       0x34 Core/Src/stm32f4xx_hal_msp.o
 .ARM.attributes
                0x00000000000000ee       0x34 Core/Src/stm32f4xx_it.o
 .ARM.attributes
                0x0000000000000122       0x34 Core/Src/system_stm32f4xx.o
 .ARM.attributes
                0x0000000000000156       0x21 Core/Startup/startup_stm32f407vgtx.o
 .ARM.attributes
                0x0000000000000177       0x34 Drivers/STM32F4xx_HAL_Driver/Src/stm32f4xx_hal.o
 .ARM.attributes
                0x00000000000001ab       0x34 Drivers/STM32F4xx_HAL_Driver/Src/stm32f4xx_hal_adc.o
 .ARM.attributes
                0x00000000000001df       0x34 Drivers/STM32F4xx_HAL_Driver/Src/stm32f4xx_hal_cortex.o
 .ARM.attributes
                0x0000000000000213       0x34 Drivers/STM32F4xx_HAL_Driver/Src/stm32f4xx_hal_dma.o
 .ARM.attributes
                0x0000000000000247       0x34 Drivers/STM32F4xx_HAL_Driver/Src/stm32f4xx_hal_gpio.o
 .ARM.attributes
                0x000000000000027b       0x34 Drivers/STM32F4xx_HAL_Driver/Src/stm32f4xx_hal_rcc.o
 .ARM.attributes
                0x00000000000002af       0x34 Drivers/STM32F4xx_HAL_Driver/Src/stm32f4xx_hal_uart.o
 .ARM.attributes
                0x00000000000002e3       0x34 Middlewares/Third_Party/FreeRTOS/Source/CMSIS_RTOS/cmsis_os.o
 .ARM.attributes
                0x0000000000000317       0x34 Middlewares/Third_Party/FreeRTOS/Source/list.o
 .ARM.attributes
                0x000000000000034b       0x34 Middlewares/Third_Party/FreeRTOS/Source/tasks.o
 .ARM.attributes
                0x000000000000037f       0x34 Middlewares/Third_Party/FreeRTOS/Source/portable/GCC/ARM_CM4F/port.o
 .ARM.attributes
                0x00000000000003b3       0x34 Middlewares/Third_Party/FreeRTOS/Source/portable/MemMang/heap_4.o
 .ARM.attributes
                0x00000000000003e7       0x34 c:/st/stm32cubeide_1.5.1/stm32cubeide/plugins/com.st.stm32cube.ide.mcu.externaltools.gnu-tools-for-stm32.9-2020-q2-update.win32_1.5.0.202011040924/tools/bin/../lib/gcc/arm-none-eabi/9.3.1/../../../../arm-none-eabi/lib/thumb/v7e-m+fp/hard\libc_nano.a(lib_a-init.o)
 .ARM.attributes
                0x000000000000041b       0x34 c:/st/stm32cubeide_1.5.1/stm32cubeide/plugins/com.st.stm32cube.ide.mcu.externaltools.gnu-tools-for-stm32.9-2020-q2-update.win32_1.5.0.202011040924/tools/bin/../lib/gcc/arm-none-eabi/9.3.1/../../../../arm-none-eabi/lib/thumb/v7e-m+fp/hard\libc_nano.a(lib_a-memset.o)
 .ARM.attributes
                0x000000000000044f       0x17 c:/st/stm32cubeide_1.5.1/stm32cubeide/plugins/com.st.stm32cube.ide.mcu.externaltools.gnu-tools-for-stm32.9-2020-q2-update.win32_1.5.0.202011040924/tools/bin/../lib/gcc/arm-none-eabi/9.3.1/../../../../arm-none-eabi/lib/thumb/v7e-m+fp/hard\libc_nano.a(lib_a-strlen.o)
 .ARM.attributes
                0x0000000000000466       0x1e c:/st/stm32cubeide_1.5.1/stm32cubeide/plugins/com.st.stm32cube.ide.mcu.externaltools.gnu-tools-for-stm32.9-2020-q2-update.win32_1.5.0.202011040924/tools/bin/../lib/gcc/arm-none-eabi/9.3.1/thumb/v7e-m+fp/hard\libgcc.a(_arm_addsubdf3.o)
 .ARM.attributes
                0x0000000000000484       0x1e c:/st/stm32cubeide_1.5.1/stm32cubeide/plugins/com.st.stm32cube.ide.mcu.externaltools.gnu-tools-for-stm32.9-2020-q2-update.win32_1.5.0.202011040924/tools/bin/../lib/gcc/arm-none-eabi/9.3.1/thumb/v7e-m+fp/hard\libgcc.a(_arm_muldivdf3.o)
 .ARM.attributes
                0x00000000000004a2       0x1e c:/st/stm32cubeide_1.5.1/stm32cubeide/plugins/com.st.stm32cube.ide.mcu.externaltools.gnu-tools-for-stm32.9-2020-q2-update.win32_1.5.0.202011040924/tools/bin/../lib/gcc/arm-none-eabi/9.3.1/thumb/v7e-m+fp/hard\libgcc.a(_arm_cmpdf2.o)
 .ARM.attributes
                0x00000000000004c0       0x1e c:/st/stm32cubeide_1.5.1/stm32cubeide/plugins/com.st.stm32cube.ide.mcu.externaltools.gnu-tools-for-stm32.9-2020-q2-update.win32_1.5.0.202011040924/tools/bin/../lib/gcc/arm-none-eabi/9.3.1/thumb/v7e-m+fp/hard\libgcc.a(_arm_truncdfsf2.o)
 .ARM.attributes
                0x00000000000004de       0x1e c:/st/stm32cubeide_1.5.1/stm32cubeide/plugins/com.st.stm32cube.ide.mcu.externaltools.gnu-tools-for-stm32.9-2020-q2-update.win32_1.5.0.202011040924/tools/bin/../lib/gcc/arm-none-eabi/9.3.1/thumb/v7e-m+fp/hard\libgcc.a(_aeabi_uldivmod.o)
 .ARM.attributes
                0x00000000000004fc       0x34 c:/st/stm32cubeide_1.5.1/stm32cubeide/plugins/com.st.stm32cube.ide.mcu.externaltools.gnu-tools-for-stm32.9-2020-q2-update.win32_1.5.0.202011040924/tools/bin/../lib/gcc/arm-none-eabi/9.3.1/thumb/v7e-m+fp/hard\libgcc.a(_udivmoddi4.o)
 .ARM.attributes
                0x0000000000000530       0x1e c:/st/stm32cubeide_1.5.1/stm32cubeide/plugins/com.st.stm32cube.ide.mcu.externaltools.gnu-tools-for-stm32.9-2020-q2-update.win32_1.5.0.202011040924/tools/bin/../lib/gcc/arm-none-eabi/9.3.1/thumb/v7e-m+fp/hard\libgcc.a(_dvmd_tls.o)
 .ARM.attributes
                0x000000000000054e       0x1e c:/st/stm32cubeide_1.5.1/stm32cubeide/plugins/com.st.stm32cube.ide.mcu.externaltools.gnu-tools-for-stm32.9-2020-q2-update.win32_1.5.0.202011040924/tools/bin/../lib/gcc/arm-none-eabi/9.3.1/thumb/v7e-m+fp/hard/crtn.o
OUTPUT(RTOS_Test.elf elf32-littlearm)
LOAD linker stubs
LOAD c:/st/stm32cubeide_1.5.1/stm32cubeide/plugins/com.st.stm32cube.ide.mcu.externaltools.gnu-tools-for-stm32.9-2020-q2-update.win32_1.5.0.202011040924/tools/bin/../lib/gcc/arm-none-eabi/9.3.1/../../../../arm-none-eabi/lib/thumb/v7e-m+fp/hard\libc.a
LOAD c:/st/stm32cubeide_1.5.1/stm32cubeide/plugins/com.st.stm32cube.ide.mcu.externaltools.gnu-tools-for-stm32.9-2020-q2-update.win32_1.5.0.202011040924/tools/bin/../lib/gcc/arm-none-eabi/9.3.1/../../../../arm-none-eabi/lib/thumb/v7e-m+fp/hard\libm.a
LOAD c:/st/stm32cubeide_1.5.1/stm32cubeide/plugins/com.st.stm32cube.ide.mcu.externaltools.gnu-tools-for-stm32.9-2020-q2-update.win32_1.5.0.202011040924/tools/bin/../lib/gcc/arm-none-eabi/9.3.1/thumb/v7e-m+fp/hard\libgcc.a

.debug_info     0x0000000000000000     0xefb1
 .debug_info    0x0000000000000000      0x36d Core/Src/freertos.o
 .debug_info    0x000000000000036d     0x166c Core/Src/main.o
 .debug_info    0x00000000000019d9      0xf51 Core/Src/stm32f4xx_hal_msp.o
 .debug_info    0x000000000000292a      0x4a6 Core/Src/stm32f4xx_it.o
 .debug_info    0x0000000000002dd0      0x5a4 Core/Src/system_stm32f4xx.o
 .debug_info    0x0000000000003374       0x22 Core/Startup/startup_stm32f407vgtx.o
 .debug_info    0x0000000000003396      0x9b2 Drivers/STM32F4xx_HAL_Driver/Src/stm32f4xx_hal.o
 .debug_info    0x0000000000003d48      0xdbc Drivers/STM32F4xx_HAL_Driver/Src/stm32f4xx_hal_adc.o
 .debug_info    0x0000000000004b04      0xed7 Drivers/STM32F4xx_HAL_Driver/Src/stm32f4xx_hal_cortex.o
 .debug_info    0x00000000000059db      0x9f1 Drivers/STM32F4xx_HAL_Driver/Src/stm32f4xx_hal_dma.o
 .debug_info    0x00000000000063cc      0x83e Drivers/STM32F4xx_HAL_Driver/Src/stm32f4xx_hal_gpio.o
 .debug_info    0x0000000000006c0a      0x996 Drivers/STM32F4xx_HAL_Driver/Src/stm32f4xx_hal_rcc.o
 .debug_info    0x00000000000075a0     0x1665 Drivers/STM32F4xx_HAL_Driver/Src/stm32f4xx_hal_uart.o
 .debug_info    0x0000000000008c05     0x203a Middlewares/Third_Party/FreeRTOS/Source/CMSIS_RTOS/cmsis_os.o
 .debug_info    0x000000000000ac3f      0xb82 Middlewares/Third_Party/FreeRTOS/Source/list.o
 .debug_info    0x000000000000b7c1     0x2575 Middlewares/Third_Party/FreeRTOS/Source/tasks.o
 .debug_info    0x000000000000dd36      0x4f1 Middlewares/Third_Party/FreeRTOS/Source/portable/GCC/ARM_CM4F/port.o
 .debug_info    0x000000000000e227      0xd8a Middlewares/Third_Party/FreeRTOS/Source/portable/MemMang/heap_4.o

.debug_abbrev   0x0000000000000000     0x2733
 .debug_abbrev  0x0000000000000000      0x11d Core/Src/freertos.o
 .debug_abbrev  0x000000000000011d      0x2c8 Core/Src/main.o
 .debug_abbrev  0x00000000000003e5      0x1b5 Core/Src/stm32f4xx_hal_msp.o
 .debug_abbrev  0x000000000000059a      0x163 Core/Src/stm32f4xx_it.o
 .debug_abbrev  0x00000000000006fd      0x145 Core/Src/system_stm32f4xx.o
 .debug_abbrev  0x0000000000000842       0x12 Core/Startup/startup_stm32f407vgtx.o
 .debug_abbrev  0x0000000000000854      0x1ed Drivers/STM32F4xx_HAL_Driver/Src/stm32f4xx_hal.o
 .debug_abbrev  0x0000000000000a41      0x22f Drivers/STM32F4xx_HAL_Driver/Src/stm32f4xx_hal_adc.o
 .debug_abbrev  0x0000000000000c70      0x33c Drivers/STM32F4xx_HAL_Driver/Src/stm32f4xx_hal_cortex.o
 .debug_abbrev  0x0000000000000fac      0x259 Drivers/STM32F4xx_HAL_Driver/Src/stm32f4xx_hal_dma.o
 .debug_abbrev  0x0000000000001205      0x1f1 Drivers/STM32F4xx_HAL_Driver/Src/stm32f4xx_hal_gpio.o
 .debug_abbrev  0x00000000000013f6      0x275 Drivers/STM32F4xx_HAL_Driver/Src/stm32f4xx_hal_rcc.o
 .debug_abbrev  0x000000000000166b      0x28b Drivers/STM32F4xx_HAL_Driver/Src/stm32f4xx_hal_uart.o
 .debug_abbrev  0x00000000000018f6      0x3c2 Middlewares/Third_Party/FreeRTOS/Source/CMSIS_RTOS/cmsis_os.o
 .debug_abbrev  0x0000000000001cb8      0x1f7 Middlewares/Third_Party/FreeRTOS/Source/list.o
 .debug_abbrev  0x0000000000001eaf      0x380 Middlewares/Third_Party/FreeRTOS/Source/tasks.o
 .debug_abbrev  0x000000000000222f      0x231 Middlewares/Third_Party/FreeRTOS/Source/portable/GCC/ARM_CM4F/port.o
 .debug_abbrev  0x0000000000002460      0x2d3 Middlewares/Third_Party/FreeRTOS/Source/portable/MemMang/heap_4.o

.debug_aranges  0x0000000000000000      0xc78
 .debug_aranges
                0x0000000000000000       0x20 Core/Src/freertos.o
 .debug_aranges
                0x0000000000000020       0x68 Core/Src/main.o
 .debug_aranges
                0x0000000000000088       0x40 Core/Src/stm32f4xx_hal_msp.o
 .debug_aranges
                0x00000000000000c8       0x58 Core/Src/stm32f4xx_it.o
 .debug_aranges
                0x0000000000000120       0x28 Core/Src/system_stm32f4xx.o
 .debug_aranges
                0x0000000000000148       0x28 Core/Startup/startup_stm32f407vgtx.o
 .debug_aranges
                0x0000000000000170       0xf0 Drivers/STM32F4xx_HAL_Driver/Src/stm32f4xx_hal.o
 .debug_aranges
                0x0000000000000260       0xe8 Drivers/STM32F4xx_HAL_Driver/Src/stm32f4xx_hal_adc.o
 .debug_aranges
                0x0000000000000348      0x118 Drivers/STM32F4xx_HAL_Driver/Src/stm32f4xx_hal_cortex.o
 .debug_aranges
                0x0000000000000460       0x90 Drivers/STM32F4xx_HAL_Driver/Src/stm32f4xx_hal_dma.o
 .debug_aranges
                0x00000000000004f0       0x58 Drivers/STM32F4xx_HAL_Driver/Src/stm32f4xx_hal_gpio.o
 .debug_aranges
                0x0000000000000548       0x88 Drivers/STM32F4xx_HAL_Driver/Src/stm32f4xx_hal_rcc.o
 .debug_aranges
                0x00000000000005d0      0x200 Drivers/STM32F4xx_HAL_Driver/Src/stm32f4xx_hal_uart.o
 .debug_aranges
                0x00000000000007d0      0x1d8 Middlewares/Third_Party/FreeRTOS/Source/CMSIS_RTOS/cmsis_os.o
 .debug_aranges
                0x00000000000009a8       0x40 Middlewares/Third_Party/FreeRTOS/Source/list.o
 .debug_aranges
                0x00000000000009e8      0x1b8 Middlewares/Third_Party/FreeRTOS/Source/tasks.o
 .debug_aranges
                0x0000000000000ba0       0x80 Middlewares/Third_Party/FreeRTOS/Source/portable/GCC/ARM_CM4F/port.o
 .debug_aranges
                0x0000000000000c20       0x58 Middlewares/Third_Party/FreeRTOS/Source/portable/MemMang/heap_4.o

.debug_ranges   0x0000000000000000      0xb90
 .debug_ranges  0x0000000000000000       0x10 Core/Src/freertos.o
 .debug_ranges  0x0000000000000010       0x58 Core/Src/main.o
 .debug_ranges  0x0000000000000068       0x30 Core/Src/stm32f4xx_hal_msp.o
 .debug_ranges  0x0000000000000098       0x48 Core/Src/stm32f4xx_it.o
 .debug_ranges  0x00000000000000e0       0x18 Core/Src/system_stm32f4xx.o
 .debug_ranges  0x00000000000000f8       0x20 Core/Startup/startup_stm32f407vgtx.o
 .debug_ranges  0x0000000000000118       0xe0 Drivers/STM32F4xx_HAL_Driver/Src/stm32f4xx_hal.o
 .debug_ranges  0x00000000000001f8       0xd8 Drivers/STM32F4xx_HAL_Driver/Src/stm32f4xx_hal_adc.o
 .debug_ranges  0x00000000000002d0      0x108 Drivers/STM32F4xx_HAL_Driver/Src/stm32f4xx_hal_cortex.o
 .debug_ranges  0x00000000000003d8       0x80 Drivers/STM32F4xx_HAL_Driver/Src/stm32f4xx_hal_dma.o
 .debug_ranges  0x0000000000000458       0x48 Drivers/STM32F4xx_HAL_Driver/Src/stm32f4xx_hal_gpio.o
 .debug_ranges  0x00000000000004a0       0x78 Drivers/STM32F4xx_HAL_Driver/Src/stm32f4xx_hal_rcc.o
 .debug_ranges  0x0000000000000518      0x220 Drivers/STM32F4xx_HAL_Driver/Src/stm32f4xx_hal_uart.o
 .debug_ranges  0x0000000000000738      0x1c8 Middlewares/Third_Party/FreeRTOS/Source/CMSIS_RTOS/cmsis_os.o
 .debug_ranges  0x0000000000000900       0x30 Middlewares/Third_Party/FreeRTOS/Source/list.o
 .debug_ranges  0x0000000000000930      0x1a8 Middlewares/Third_Party/FreeRTOS/Source/tasks.o
 .debug_ranges  0x0000000000000ad8       0x70 Middlewares/Third_Party/FreeRTOS/Source/portable/GCC/ARM_CM4F/port.o
 .debug_ranges  0x0000000000000b48       0x48 Middlewares/Third_Party/FreeRTOS/Source/portable/MemMang/heap_4.o

.debug_macro    0x0000000000000000    0x222f2
 .debug_macro   0x0000000000000000      0x254 Core/Src/freertos.o
 .debug_macro   0x0000000000000254      0xaa8 Core/Src/freertos.o
 .debug_macro   0x0000000000000cfc      0x174 Core/Src/freertos.o
 .debug_macro   0x0000000000000e70       0x22 Core/Src/freertos.o
 .debug_macro   0x0000000000000e92       0x8e Core/Src/freertos.o
 .debug_macro   0x0000000000000f20       0x51 Core/Src/freertos.o
 .debug_macro   0x0000000000000f71      0x103 Core/Src/freertos.o
 .debug_macro   0x0000000000001074       0x6a Core/Src/freertos.o
 .debug_macro   0x00000000000010de      0x1df Core/Src/freertos.o
 .debug_macro   0x00000000000012bd       0xe4 Core/Src/freertos.o
 .debug_macro   0x00000000000013a1      0x15a Core/Src/freertos.o
 .debug_macro   0x00000000000014fb       0xde Core/Src/freertos.o
 .debug_macro   0x00000000000015d9       0x1c Core/Src/freertos.o
 .debug_macro   0x00000000000015f5       0x26 Core/Src/freertos.o
 .debug_macro   0x000000000000161b      0x504 Core/Src/freertos.o
 .debug_macro   0x0000000000001b1f       0xb5 Core/Src/freertos.o
 .debug_macro   0x0000000000001bd4       0xaa Core/Src/freertos.o
 .debug_macro   0x0000000000001c7e      0x29b Core/Src/freertos.o
 .debug_macro   0x0000000000001f19       0x2e Core/Src/freertos.o
 .debug_macro   0x0000000000001f47       0x2f Core/Src/freertos.o
 .debug_macro   0x0000000000001f76       0x1c Core/Src/freertos.o
 .debug_macro   0x0000000000001f92       0x22 Core/Src/freertos.o
 .debug_macro   0x0000000000001fb4       0xdf Core/Src/freertos.o
 .debug_macro   0x0000000000002093     0x102d Core/Src/freertos.o
 .debug_macro   0x00000000000030c0      0x11f Core/Src/freertos.o
 .debug_macro   0x00000000000031df    0x15e3c Core/Src/freertos.o
 .debug_macro   0x000000000001901b       0x43 Core/Src/freertos.o
 .debug_macro   0x000000000001905e     0x3659 Core/Src/freertos.o
 .debug_macro   0x000000000001c6b7       0x5c Core/Src/freertos.o
 .debug_macro   0x000000000001c713      0x96b Core/Src/freertos.o
 .debug_macro   0x000000000001d07e      0x9fe Core/Src/freertos.o
 .debug_macro   0x000000000001da7c      0x117 Core/Src/freertos.o
 .debug_macro   0x000000000001db93      0x13e Core/Src/freertos.o
 .debug_macro   0x000000000001dcd1       0x82 Core/Src/freertos.o
 .debug_macro   0x000000000001dd53      0x174 Core/Src/freertos.o
 .debug_macro   0x000000000001dec7      0x287 Core/Src/freertos.o
 .debug_macro   0x000000000001e14e       0x5f Core/Src/freertos.o
 .debug_macro   0x000000000001e1ad      0x236 Core/Src/freertos.o
 .debug_macro   0x000000000001e3e3      0xb5b Core/Src/freertos.o
 .debug_macro   0x000000000001ef3e      0x38b Core/Src/freertos.o
 .debug_macro   0x000000000001f2c9      0x176 Core/Src/freertos.o
 .debug_macro   0x000000000001f43f       0xf9 Core/Src/freertos.o
 .debug_macro   0x000000000001f538      0x12c Core/Src/freertos.o
 .debug_macro   0x000000000001f664      0x21e Core/Src/freertos.o
 .debug_macro   0x000000000001f882       0x2e Core/Src/freertos.o
 .debug_macro   0x000000000001f8b0      0x11a Core/Src/freertos.o
 .debug_macro   0x000000000001f9ca       0x7e Core/Src/freertos.o
 .debug_macro   0x000000000001fa48       0x89 Core/Src/freertos.o
 .debug_macro   0x000000000001fad1      0x295 Core/Src/freertos.o
 .debug_macro   0x000000000001fd66      0x12d Core/Src/freertos.o
 .debug_macro   0x000000000001fe93      0x29f Core/Src/main.o
 .debug_macro   0x0000000000020132       0xe4 Core/Src/main.o
 .debug_macro   0x0000000000020216       0x91 Core/Src/main.o
 .debug_macro   0x00000000000202a7       0x8d Core/Src/main.o
 .debug_macro   0x0000000000020334       0x7e Core/Src/main.o
 .debug_macro   0x00000000000203b2       0x19 Core/Src/main.o
 .debug_macro   0x00000000000203cb       0xf2 Core/Src/main.o
 .debug_macro   0x00000000000204bd      0x1ec Core/Src/stm32f4xx_hal_msp.o
 .debug_macro   0x00000000000206a9      0x25e Core/Src/stm32f4xx_it.o
 .debug_macro   0x0000000000020907      0x1e2 Core/Src/system_stm32f4xx.o
 .debug_macro   0x0000000000020ae9      0x242 Drivers/STM32F4xx_HAL_Driver/Src/stm32f4xx_hal.o
 .debug_macro   0x0000000000020d2b      0x1e3 Drivers/STM32F4xx_HAL_Driver/Src/stm32f4xx_hal_adc.o
 .debug_macro   0x0000000000020f0e      0x1e2 Drivers/STM32F4xx_HAL_Driver/Src/stm32f4xx_hal_cortex.o
 .debug_macro   0x00000000000210f0      0x1e8 Drivers/STM32F4xx_HAL_Driver/Src/stm32f4xx_hal_dma.o
 .debug_macro   0x00000000000212d8      0x1e8 Drivers/STM32F4xx_HAL_Driver/Src/stm32f4xx_hal_gpio.o
 .debug_macro   0x00000000000214c0      0x206 Drivers/STM32F4xx_HAL_Driver/Src/stm32f4xx_hal_rcc.o
 .debug_macro   0x00000000000216c6      0x1e3 Drivers/STM32F4xx_HAL_Driver/Src/stm32f4xx_hal_uart.o
 .debug_macro   0x00000000000218a9      0x1fe Middlewares/Third_Party/FreeRTOS/Source/CMSIS_RTOS/cmsis_os.o
 .debug_macro   0x0000000000021aa7       0x10 Middlewares/Third_Party/FreeRTOS/Source/CMSIS_RTOS/cmsis_os.o
 .debug_macro   0x0000000000021ab7       0x20 Middlewares/Third_Party/FreeRTOS/Source/CMSIS_RTOS/cmsis_os.o
 .debug_macro   0x0000000000021ad7       0xc7 Middlewares/Third_Party/FreeRTOS/Source/CMSIS_RTOS/cmsis_os.o
 .debug_macro   0x0000000000021b9e      0x187 Middlewares/Third_Party/FreeRTOS/Source/list.o
 .debug_macro   0x0000000000021d25      0x279 Middlewares/Third_Party/FreeRTOS/Source/tasks.o
 .debug_macro   0x0000000000021f9e       0x10 Middlewares/Third_Party/FreeRTOS/Source/tasks.o
 .debug_macro   0x0000000000021fae      0x196 Middlewares/Third_Party/FreeRTOS/Source/portable/GCC/ARM_CM4F/port.o
 .debug_macro   0x0000000000022144      0x1ae Middlewares/Third_Party/FreeRTOS/Source/portable/MemMang/heap_4.o

.debug_line     0x0000000000000000     0xd7d2
 .debug_line    0x0000000000000000      0x7db Core/Src/freertos.o
 .debug_line    0x00000000000007db      0xaa2 Core/Src/main.o
 .debug_line    0x000000000000127d      0x799 Core/Src/stm32f4xx_hal_msp.o
 .debug_line    0x0000000000001a16      0x89d Core/Src/stm32f4xx_it.o
 .debug_line    0x00000000000022b3      0x75e Core/Src/system_stm32f4xx.o
 .debug_line    0x0000000000002a11       0x88 Core/Startup/startup_stm32f407vgtx.o
 .debug_line    0x0000000000002a99      0x9c4 Drivers/STM32F4xx_HAL_Driver/Src/stm32f4xx_hal.o
 .debug_line    0x000000000000345d     0x124e Drivers/STM32F4xx_HAL_Driver/Src/stm32f4xx_hal_adc.o
 .debug_line    0x00000000000046ab      0xc73 Drivers/STM32F4xx_HAL_Driver/Src/stm32f4xx_hal_cortex.o
 .debug_line    0x000000000000531e      0xf2d Drivers/STM32F4xx_HAL_Driver/Src/stm32f4xx_hal_dma.o
 .debug_line    0x000000000000624b      0xb3c Drivers/STM32F4xx_HAL_Driver/Src/stm32f4xx_hal_gpio.o
 .debug_line    0x0000000000006d87      0xd3e Drivers/STM32F4xx_HAL_Driver/Src/stm32f4xx_hal_rcc.o
 .debug_line    0x0000000000007ac5     0x1a8a Drivers/STM32F4xx_HAL_Driver/Src/stm32f4xx_hal_uart.o
 .debug_line    0x000000000000954f     0x11c4 Middlewares/Third_Party/FreeRTOS/Source/CMSIS_RTOS/cmsis_os.o
 .debug_line    0x000000000000a713      0x70b Middlewares/Third_Party/FreeRTOS/Source/list.o
 .debug_line    0x000000000000ae1e     0x18d0 Middlewares/Third_Party/FreeRTOS/Source/tasks.o
 .debug_line    0x000000000000c6ee      0x7af Middlewares/Third_Party/FreeRTOS/Source/portable/GCC/ARM_CM4F/port.o
 .debug_line    0x000000000000ce9d      0x935 Middlewares/Third_Party/FreeRTOS/Source/portable/MemMang/heap_4.o

.debug_str      0x0000000000000000    0xd673a
 .debug_str     0x0000000000000000    0xcc1b8 Core/Src/freertos.o
                                      0xcc46e (size before relaxing)
 .debug_str     0x00000000000cc1b8     0x3102 Core/Src/main.o
                                      0xcf59e (size before relaxing)
 .debug_str     0x00000000000cf2ba       0x7d Core/Src/stm32f4xx_hal_msp.o
                                      0xc9221 (size before relaxing)
 .debug_str     0x00000000000cf337       0xba Core/Src/stm32f4xx_it.o
                                      0xcc62c (size before relaxing)
 .debug_str     0x00000000000cf3f1       0xaf Core/Src/system_stm32f4xx.o
                                      0xc8701 (size before relaxing)
 .debug_str     0x00000000000cf4a0       0x36 Core/Startup/startup_stm32f407vgtx.o
                                         0x76 (size before relaxing)
 .debug_str     0x00000000000cf4d6      0x58d Drivers/STM32F4xx_HAL_Driver/Src/stm32f4xx_hal.o
                                      0xc91e3 (size before relaxing)
 .debug_str     0x00000000000cfa63      0x2a2 Drivers/STM32F4xx_HAL_Driver/Src/stm32f4xx_hal_adc.o
                                      0xc8cad (size before relaxing)
 .debug_str     0x00000000000cfd05      0x389 Drivers/STM32F4xx_HAL_Driver/Src/stm32f4xx_hal_cortex.o
                                      0xc8fd2 (size before relaxing)
 .debug_str     0x00000000000d008e      0x31d Drivers/STM32F4xx_HAL_Driver/Src/stm32f4xx_hal_dma.o
                                      0xc8b2b (size before relaxing)
 .debug_str     0x00000000000d03ab      0x15f Drivers/STM32F4xx_HAL_Driver/Src/stm32f4xx_hal_gpio.o
                                      0xc88a8 (size before relaxing)
 .debug_str     0x00000000000d050a      0x259 Drivers/STM32F4xx_HAL_Driver/Src/stm32f4xx_hal_rcc.o
                                      0xc8b03 (size before relaxing)
 .debug_str     0x00000000000d0763      0x5f3 Drivers/STM32F4xx_HAL_Driver/Src/stm32f4xx_hal_uart.o
                                      0xc9065 (size before relaxing)
 .debug_str     0x00000000000d0d56     0x3a44 Middlewares/Third_Party/FreeRTOS/Source/CMSIS_RTOS/cmsis_os.o
                                       0xe515 (size before relaxing)
 .debug_str     0x00000000000d479a      0x219 Middlewares/Third_Party/FreeRTOS/Source/list.o
                                       0xab43 (size before relaxing)
 .debug_str     0x00000000000d49b3     0x122c Middlewares/Third_Party/FreeRTOS/Source/tasks.o
                                       0xcd97 (size before relaxing)
 .debug_str     0x00000000000d5bdf      0x817 Middlewares/Third_Party/FreeRTOS/Source/portable/GCC/ARM_CM4F/port.o
                                       0x8686 (size before relaxing)
 .debug_str     0x00000000000d63f6      0x344 Middlewares/Third_Party/FreeRTOS/Source/portable/MemMang/heap_4.o
                                       0xb436 (size before relaxing)

.comment        0x0000000000000000       0x53
 .comment       0x0000000000000000       0x53 Core/Src/freertos.o
                                         0x54 (size before relaxing)
 .comment       0x0000000000000053       0x54 Core/Src/main.o
 .comment       0x0000000000000053       0x54 Core/Src/stm32f4xx_hal_msp.o
 .comment       0x0000000000000053       0x54 Core/Src/stm32f4xx_it.o
 .comment       0x0000000000000053       0x54 Core/Src/system_stm32f4xx.o
 .comment       0x0000000000000053       0x54 Drivers/STM32F4xx_HAL_Driver/Src/stm32f4xx_hal.o
 .comment       0x0000000000000053       0x54 Drivers/STM32F4xx_HAL_Driver/Src/stm32f4xx_hal_adc.o
 .comment       0x0000000000000053       0x54 Drivers/STM32F4xx_HAL_Driver/Src/stm32f4xx_hal_cortex.o
 .comment       0x0000000000000053       0x54 Drivers/STM32F4xx_HAL_Driver/Src/stm32f4xx_hal_dma.o
 .comment       0x0000000000000053       0x54 Drivers/STM32F4xx_HAL_Driver/Src/stm32f4xx_hal_gpio.o
 .comment       0x0000000000000053       0x54 Drivers/STM32F4xx_HAL_Driver/Src/stm32f4xx_hal_rcc.o
 .comment       0x0000000000000053       0x54 Drivers/STM32F4xx_HAL_Driver/Src/stm32f4xx_hal_uart.o
 .comment       0x0000000000000053       0x54 Middlewares/Third_Party/FreeRTOS/Source/CMSIS_RTOS/cmsis_os.o
 .comment       0x0000000000000053       0x54 Middlewares/Third_Party/FreeRTOS/Source/list.o
 .comment       0x0000000000000053       0x54 Middlewares/Third_Party/FreeRTOS/Source/tasks.o
 .comment       0x0000000000000053       0x54 Middlewares/Third_Party/FreeRTOS/Source/portable/GCC/ARM_CM4F/port.o
 .comment       0x0000000000000053       0x54 Middlewares/Third_Party/FreeRTOS/Source/portable/MemMang/heap_4.o

.debug_frame    0x0000000000000000     0x3408
 .debug_frame   0x0000000000000000       0x38 Core/Src/freertos.o
 .debug_frame   0x0000000000000038      0x15c Core/Src/main.o
 .debug_frame   0x0000000000000194       0xc4 Core/Src/stm32f4xx_hal_msp.o
 .debug_frame   0x0000000000000258       0xe0 Core/Src/stm32f4xx_it.o
 .debug_frame   0x0000000000000338       0x58 Core/Src/system_stm32f4xx.o
 .debug_frame   0x0000000000000390      0x374 Drivers/STM32F4xx_HAL_Driver/Src/stm32f4xx_hal.o
 .debug_frame   0x0000000000000704      0x3fc Drivers/STM32F4xx_HAL_Driver/Src/stm32f4xx_hal_adc.o
 .debug_frame   0x0000000000000b00      0x498 Drivers/STM32F4xx_HAL_Driver/Src/stm32f4xx_hal_cortex.o
 .debug_frame   0x0000000000000f98      0x250 Drivers/STM32F4xx_HAL_Driver/Src/stm32f4xx_hal_dma.o
 .debug_frame   0x00000000000011e8      0x14c Drivers/STM32F4xx_HAL_Driver/Src/stm32f4xx_hal_gpio.o
 .debug_frame   0x0000000000001334      0x1ec Drivers/STM32F4xx_HAL_Driver/Src/stm32f4xx_hal_rcc.o
 .debug_frame   0x0000000000001520      0x924 Drivers/STM32F4xx_HAL_Driver/Src/stm32f4xx_hal_uart.o
 .debug_frame   0x0000000000001e44      0x80c Middlewares/Third_Party/FreeRTOS/Source/CMSIS_RTOS/cmsis_os.o
 .debug_frame   0x0000000000002650       0xd8 Middlewares/Third_Party/FreeRTOS/Source/list.o
 .debug_frame   0x0000000000002728      0x77c Middlewares/Third_Party/FreeRTOS/Source/tasks.o
 .debug_frame   0x0000000000002ea4      0x1a8 Middlewares/Third_Party/FreeRTOS/Source/portable/GCC/ARM_CM4F/port.o
 .debug_frame   0x000000000000304c      0x12c Middlewares/Third_Party/FreeRTOS/Source/portable/MemMang/heap_4.o
 .debug_frame   0x0000000000003178       0x2c c:/st/stm32cubeide_1.5.1/stm32cubeide/plugins/com.st.stm32cube.ide.mcu.externaltools.gnu-tools-for-stm32.9-2020-q2-update.win32_1.5.0.202011040924/tools/bin/../lib/gcc/arm-none-eabi/9.3.1/../../../../arm-none-eabi/lib/thumb/v7e-m+fp/hard\libc_nano.a(lib_a-init.o)
 .debug_frame   0x00000000000031a4       0x20 c:/st/stm32cubeide_1.5.1/stm32cubeide/plugins/com.st.stm32cube.ide.mcu.externaltools.gnu-tools-for-stm32.9-2020-q2-update.win32_1.5.0.202011040924/tools/bin/../lib/gcc/arm-none-eabi/9.3.1/../../../../arm-none-eabi/lib/thumb/v7e-m+fp/hard\libc_nano.a(lib_a-memset.o)
 .debug_frame   0x00000000000031c4       0xac c:/st/stm32cubeide_1.5.1/stm32cubeide/plugins/com.st.stm32cube.ide.mcu.externaltools.gnu-tools-for-stm32.9-2020-q2-update.win32_1.5.0.202011040924/tools/bin/../lib/gcc/arm-none-eabi/9.3.1/thumb/v7e-m+fp/hard\libgcc.a(_arm_addsubdf3.o)
 .debug_frame   0x0000000000003270       0x50 c:/st/stm32cubeide_1.5.1/stm32cubeide/plugins/com.st.stm32cube.ide.mcu.externaltools.gnu-tools-for-stm32.9-2020-q2-update.win32_1.5.0.202011040924/tools/bin/../lib/gcc/arm-none-eabi/9.3.1/thumb/v7e-m+fp/hard\libgcc.a(_arm_muldivdf3.o)
 .debug_frame   0x00000000000032c0       0xc4 c:/st/stm32cubeide_1.5.1/stm32cubeide/plugins/com.st.stm32cube.ide.mcu.externaltools.gnu-tools-for-stm32.9-2020-q2-update.win32_1.5.0.202011040924/tools/bin/../lib/gcc/arm-none-eabi/9.3.1/thumb/v7e-m+fp/hard\libgcc.a(_arm_cmpdf2.o)
 .debug_frame   0x0000000000003384       0x24 c:/st/stm32cubeide_1.5.1/stm32cubeide/plugins/com.st.stm32cube.ide.mcu.externaltools.gnu-tools-for-stm32.9-2020-q2-update.win32_1.5.0.202011040924/tools/bin/../lib/gcc/arm-none-eabi/9.3.1/thumb/v7e-m+fp/hard\libgcc.a(_arm_truncdfsf2.o)
 .debug_frame   0x00000000000033a8       0x2c c:/st/stm32cubeide_1.5.1/stm32cubeide/plugins/com.st.stm32cube.ide.mcu.externaltools.gnu-tools-for-stm32.9-2020-q2-update.win32_1.5.0.202011040924/tools/bin/../lib/gcc/arm-none-eabi/9.3.1/thumb/v7e-m+fp/hard\libgcc.a(_aeabi_uldivmod.o)
 .debug_frame   0x00000000000033d4       0x34 c:/st/stm32cubeide_1.5.1/stm32cubeide/plugins/com.st.stm32cube.ide.mcu.externaltools.gnu-tools-for-stm32.9-2020-q2-update.win32_1.5.0.202011040924/tools/bin/../lib/gcc/arm-none-eabi/9.3.1/thumb/v7e-m+fp/hard\libgcc.a(_udivmoddi4.o)
